01-08 23:16:59.402 10789 10789 D ActivityThread: Package [com.example.skillswap] reported as REPLACED, but missing application info. Assuming REMOVED.
01-08 23:16:59.451   587  2005 I ActivityTaskManager: START u0 {act=android.intent.action.MAIN flg=0x30000000 cmp=com.example.skillswap/.MainActivity} with LAUNCH_SINGLE_TASK from uid 2000 (BAL_ALLOW_PERMISSION) result code=0
01-08 23:16:59.455   896   972 V WindowManagerShell: Transition requested (#25): android.os.BinderProxy@87287c5 TransitionRequestInfo { type = OPEN, triggerTask = TaskInfo{userId=0 taskId=13 displayId=0 isRunning=true baseIntent=Intent { act=android.intent.action.MAIN flg=0x30000000 cmp=com.example.skillswap/.MainActivity } baseActivity=ComponentInfo{com.example.skillswap/com.example.skillswap.MainActivity} topActivity=ComponentInfo{com.example.skillswap/com.example.skillswap.MainActivity} origActivity=null realActivity=ComponentInfo{com.example.skillswap/com.example.skillswap.MainActivity} numActivities=1 lastActiveTime=13301406 supportsMultiWindow=true resizeMode=1 isResizeable=true minWidth=-1 minHeight=-1 defaultMinSize=220 token=WCT{android.window.IWindowContainerToken$Stub$Proxy@580051a} topActivityType=1 pictureInPictureParams=null shouldDockBigOverlays=false launchIntoPipHostTaskId=-1 lastParentTaskIdBeforePip=-1 displayCutoutSafeInsets=Rect(0, 151 - 0, 0) topActivityInfo=ActivityInfo{52c484b com.example.skillswap.MainActivity} launchCookies=[] positionInParent=Point(0, 0) parentTaskId=-1 isFocused=false isVisible=false isVisibleRequested=false isSleeping=false locusId=null displayAreaFeatureId=1 isTopActivityTransparent=false appCompatTaskInfo=AppCompatTaskInfo { topActivityInSizeCompat=false topActivityEligibleForLetterboxEducation= falseisLetterboxEducationEnabled= true isLetterboxDoubleTapEnabled= false topActivityEligibleForUserAspectRatioButton= false topActivityBoundsLetterboxed= false isFromLetterboxDoubleTap= false topActivityLetterboxVerticalPosition= -1 topActivityLetterboxHorizontalPosition= -1 topActivityLetterboxWidth=1344 topActivityLetterboxHeight=2992 isUserFullscreenOverrideEnabled=false isSystemFullscreenOverrideEnabled=false cameraCompatTaskInfo=CameraCompatTaskInfo { cameraCompatControlState=hidden freeformCameraCompatMode=inactive}}}, pipTask = null, remoteTransition = null, displayChange = null, flags = 0, debugId = 25 }
01-08 23:16:59.459   587  1604 D CoreBackPreview: Window{879b9cd u0 Splash Screen com.example.skillswap}: Setting back callback OnBackInvokedCallbackInfo{mCallback=android.window.IOnBackInvokedCallback$Stub$Proxy@5489d93, mPriority=0, mIsAnimationCallback=false}
01-08 23:16:59.483  1201  1201 I TopTaskTracker: onTaskMovedToFront: (moved taskInfo to front) taskId=13, baseIntent=Intent { act=android.intent.action.MAIN flg=0x30000000 cmp=com.example.skillswap/.MainActivity }
01-08 23:16:59.501  1700  1700 D ActivityThread: Package [com.example.skillswap] reported as REPLACED, but missing application info. Assuming REMOVED.
01-08 23:16:59.501  1700  1700 D ActivityThread: Package [com.example.skillswap] reported as REPLACED, but missing application info. Assuming REMOVED.
01-08 23:16:59.568  2419  2419 D ActivityThread: Package [com.example.skillswap] reported as REPLACED, but missing application info. Assuming REMOVED.
01-08 23:16:59.582   587   629 V WindowManager: Sent Transition (#25) createdAt=01-08 23:16:59.368 via request=TransitionRequestInfo { type = OPEN, triggerTask = TaskInfo{userId=0 taskId=13 displayId=0 isRunning=true baseIntent=Intent { act=android.intent.action.MAIN flg=0x30000000 cmp=com.example.skillswap/.MainActivity } baseActivity=ComponentInfo{com.example.skillswap/com.example.skillswap.MainActivity} topActivity=ComponentInfo{com.example.skillswap/com.example.skillswap.MainActivity} origActivity=null realActivity=ComponentInfo{com.example.skillswap/com.example.skillswap.MainActivity} numActivities=1 lastActiveTime=13301406 supportsMultiWindow=true resizeMode=1 isResizeable=true minWidth=-1 minHeight=-1 defaultMinSize=220 token=WCT{RemoteToken{22e338a Task{55c83b8 #13 type=standard A=10211:com.example.skillswap}}} topActivityType=1 pictureInPictureParams=null shouldDockBigOverlays=false launchIntoPipHostTaskId=-1 lastParentTaskIdBeforePip=-1 displayCutoutSafeInsets=Rect(0, 151 - 0, 0) topActivityInfo=ActivityInfo{81c2dfb com.example.skillswap.MainActivity} launchCookies=[] positionInParent=Point(0, 0) parentTaskId=-1 isFocused=false isVisible=false isVisibleRequested=false isSleeping=false locusId=null displayAreaFeatureId=1 isTopActivityTransparent=false appCompatTaskInfo=AppCompatTaskInfo { topActivityInSizeCompat=false topActivityEligibleForLetterboxEducation= falseisLetterboxEducationEnabled= true isLetterboxDoubleTapEnabled= false topActivityEligibleForUserAspectRatioButton= false topActivityBoundsLetterboxed= false isFromLetterboxDoubleTap= false topActivityLetterboxVerticalPosition= -1 topActivityLetterboxHorizontalPosition= -1 topActivityLetterboxWidth=1344 topActivityLetterboxHeight=2992 isUserFullscreenOverrideEnabled=false isSystemFullscreenOverrideEnabled=false cameraCompatTaskInfo=CameraCompatTaskInfo { cameraCompatControlState=hidden freeformCameraCompatMode=inactive}}}, pipTask = null, remoteTransition = null, displayChange = null, flags = 0, debugId = 25 }
01-08 23:16:59.582   587   629 V WindowManager:         {WCT{RemoteToken{22e338a Task{55c83b8 #13 type=standard A=10211:com.example.skillswap}}} m=OPEN f=NONE leash=Surface(name=Task=13)/@0x1d57fef sb=Rect(0, 0 - 1344, 2992) eb=Rect(0, 0 - 1344, 2992) d=0 taskParent=-1},
01-08 23:16:59.606  2419  2419 D ActivityThread: Package [com.example.skillswap] reported as REPLACED, but missing application info. Assuming REMOVED.
01-08 23:16:59.681 10789 10789 I Finsky  : [2] mhh.f(7): AIM: AppInfoCacheUpdater -> invalidating apps: [com.example.skillswap]
01-08 23:16:59.697 10789 10893 I Finsky  : [89] mje.a(47): AIM: AppInfoManager-Perf > OnDeviceAppInfo > cacheHitCount=0, cacheMissCount=1. Missed  in cache (limit 10) : [com.example.skillswap]
01-08 23:16:59.700 10789 10789 I Finsky  : [2] usz.d(69): IQ: onPackageRemoved com.example.skillswap, replacing=true, uninstallingFromPlay=false
01-08 23:16:59.703  2734  2734 D ActivityThread: Package [com.example.skillswap] reported as REPLACED, but missing application info. Assuming REMOVED.
01-08 23:16:59.741  6380  6380 I artd    : Dex parent of /data/app/~~WCZNefmas-ruaAS15X9VAA==/com.example.skillswap-yh8_agp7pIeEHseI2HuapA==/base.apk is not writable: Permission denied
01-08 23:16:59.741  6380  6380 I artd    : GetBestInfo checking odex in dalvik-cache (/data/dalvik-cache/x86_64/data@app@~~WCZNefmas-ruaAS15X9VAA==@com.example.skillswap-yh8_agp7pIeEHseI2HuapA==@base.apk@classes.dex)
01-08 23:16:59.741  6380  6380 I artd    : Loading /data/dalvik-cache/x86_64/data@app@~~WCZNefmas-ruaAS15X9VAA==@com.example.skillswap-yh8_agp7pIeEHseI2HuapA==@base.apk@classes.dex with executable: 0
01-08 23:16:59.741  6380  6380 I artd    : OatFileAssistant test for existing oat file /data/dalvik-cache/x86_64/data@app@~~WCZNefmas-ruaAS15X9VAA==@com.example.skillswap-yh8_agp7pIeEHseI2HuapA==@base.apk@classes.dex: File /data/dalvik-cache/x86_64/data@app@~~WCZNefmas-ruaAS15X9VAA==@com.example.skillswap-yh8_agp7pIeEHseI2HuapA==@base.apk@classes.vdex does not exist.
01-08 23:16:59.741  6380  6380 I artd    : GetBestInfo checking odex next to the dex file (/data/app/~~WCZNefmas-ruaAS15X9VAA==/com.example.skillswap-yh8_agp7pIeEHseI2HuapA==/oat/x86_64/base.odex)
01-08 23:16:59.741  6380  6380 I artd    : Loading /data/app/~~WCZNefmas-ruaAS15X9VAA==/com.example.skillswap-yh8_agp7pIeEHseI2HuapA==/oat/x86_64/base.odex with executable: 0
01-08 23:16:59.741  6380  6380 I artd    : OatFileAssistant test for existing oat file /data/app/~~WCZNefmas-ruaAS15X9VAA==/com.example.skillswap-yh8_agp7pIeEHseI2HuapA==/oat/x86_64/base.odex: File /data/app/~~WCZNefmas-ruaAS15X9VAA==/com.example.skillswap-yh8_agp7pIeEHseI2HuapA==/oat/x86_64/base.vdex does not exist.
01-08 23:16:59.741  6380  6380 I artd    : GetBestInfo checking vdex in dalvik-cache (/data/dalvik-cache/x86_64/data@app@~~WCZNefmas-ruaAS15X9VAA==@com.example.skillswap-yh8_agp7pIeEHseI2HuapA==@base.apk@classes.vdex)
01-08 23:16:59.742  6380  6380 I artd    : unable to open vdex file /data/dalvik-cache/x86_64/data@app@~~WCZNefmas-ruaAS15X9VAA==@com.example.skillswap-yh8_agp7pIeEHseI2HuapA==@base.apk@classes.vdex: File /data/dalvik-cache/x86_64/data@app@~~WCZNefmas-ruaAS15X9VAA==@com.example.skillswap-yh8_agp7pIeEHseI2HuapA==@base.apk@classes.vdex does not exist.
01-08 23:16:59.742  6380  6380 I artd    : OatFileAssistant test for existing oat file /data/dalvik-cache/x86_64/data@app@~~WCZNefmas-ruaAS15X9VAA==@com.example.skillswap-yh8_agp7pIeEHseI2HuapA==@base.apk@classes.vdex: File /data/dalvik-cache/x86_64/data@app@~~WCZNefmas-ruaAS15X9VAA==@com.example.skillswap-yh8_agp7pIeEHseI2HuapA==@base.apk@classes.vdex does not exist.
01-08 23:16:59.742  6380  6380 I artd    : GetBestInfo checking vdex next to the dex file (/data/app/~~WCZNefmas-ruaAS15X9VAA==/com.example.skillswap-yh8_agp7pIeEHseI2HuapA==/oat/x86_64/base.vdex)
01-08 23:16:59.742  6380  6380 I artd    : unable to open vdex file /data/app/~~WCZNefmas-ruaAS15X9VAA==/com.example.skillswap-yh8_agp7pIeEHseI2HuapA==/oat/x86_64/base.vdex: File /data/app/~~WCZNefmas-ruaAS15X9VAA==/com.example.skillswap-yh8_agp7pIeEHseI2HuapA==/oat/x86_64/base.vdex does not exist.
01-08 23:16:59.742  6380  6380 I artd    : OatFileAssistant test for existing oat file /data/app/~~WCZNefmas-ruaAS15X9VAA==/com.example.skillswap-yh8_agp7pIeEHseI2HuapA==/oat/x86_64/base.vdex: File /data/app/~~WCZNefmas-ruaAS15X9VAA==/com.example.skillswap-yh8_agp7pIeEHseI2HuapA==/oat/x86_64/base.vdex does not exist.
01-08 23:16:59.742  6380  6380 I artd    : GetBestInfo checking dm (/data/app/~~WCZNefmas-ruaAS15X9VAA==/com.example.skillswap-yh8_agp7pIeEHseI2HuapA==/base.dm)
01-08 23:16:59.742  6380  6380 W ziparchive: Unable to open '/data/app/~~WCZNefmas-ruaAS15X9VAA==/com.example.skillswap-yh8_agp7pIeEHseI2HuapA==/base.dm': No such file or directory
01-08 23:16:59.742  6380  6380 I artd    : OatFileAssistant test for existing oat file /data/app/~~WCZNefmas-ruaAS15X9VAA==/com.example.skillswap-yh8_agp7pIeEHseI2HuapA==/base.dm: I/O error
01-08 23:16:59.742  6380  6380 I artd    : GetBestInfo checking dm (/data/app/~~WCZNefmas-ruaAS15X9VAA==/com.example.skillswap-yh8_agp7pIeEHseI2HuapA==/base.dm)
01-08 23:16:59.742  6380  6380 W ziparchive: Unable to open '/data/app/~~WCZNefmas-ruaAS15X9VAA==/com.example.skillswap-yh8_agp7pIeEHseI2HuapA==/base.dm': No such file or directory
01-08 23:16:59.742  6380  6380 I artd    : OatFileAssistant test for existing oat file /data/app/~~WCZNefmas-ruaAS15X9VAA==/com.example.skillswap-yh8_agp7pIeEHseI2HuapA==/base.dm: I/O error
01-08 23:16:59.760  2734  2734 D ActivityThread: Package [com.example.skillswap] reported as REPLACED, but missing application info. Assuming REMOVED.
01-08 23:16:59.863   587   641 I ActivityManager: Start proc 16293:com.example.skillswap/u0a211 for next-top-activity {com.example.skillswap/com.example.skillswap.MainActivity}
01-08 23:16:59.865  8525  8525 D ActivityThread: Package [com.example.skillswap] reported as REPLACED, but missing application info. Assuming REMOVED.
01-08 23:16:59.866  8525  8525 D ActivityThread: Package [com.example.skillswap] reported as REPLACED, but missing application info. Assuming REMOVED.
01-08 23:17:00.008 10789 10789 I Finsky  : [2] mhh.f(7): AIM: AppInfoCacheUpdater -> invalidating apps: [com.example.skillswap]
01-08 23:17:00.009 10789 10862 I Finsky  : [77] mje.a(47): AIM: AppInfoManager-Perf > OnDeviceAppInfo > cacheHitCount=0, cacheMissCount=1. Missed  in cache (limit 10) : [com.example.skillswap]
01-08 23:17:00.028  6380  6380 I artd    : Dex parent of /data/app/~~WCZNefmas-ruaAS15X9VAA==/com.example.skillswap-yh8_agp7pIeEHseI2HuapA==/base.apk is not writable: Permission denied
01-08 23:17:00.028  6380  6380 I artd    : GetBestInfo checking odex in dalvik-cache (/data/dalvik-cache/x86_64/data@app@~~WCZNefmas-ruaAS15X9VAA==@com.example.skillswap-yh8_agp7pIeEHseI2HuapA==@base.apk@classes.dex)
01-08 23:17:00.028  6380  6380 I artd    : Loading /data/dalvik-cache/x86_64/data@app@~~WCZNefmas-ruaAS15X9VAA==@com.example.skillswap-yh8_agp7pIeEHseI2HuapA==@base.apk@classes.dex with executable: 0
01-08 23:17:00.028  6380  6380 I artd    : OatFileAssistant test for existing oat file /data/dalvik-cache/x86_64/data@app@~~WCZNefmas-ruaAS15X9VAA==@com.example.skillswap-yh8_agp7pIeEHseI2HuapA==@base.apk@classes.dex: File /data/dalvik-cache/x86_64/data@app@~~WCZNefmas-ruaAS15X9VAA==@com.example.skillswap-yh8_agp7pIeEHseI2HuapA==@base.apk@classes.vdex does not exist.
01-08 23:17:00.028  6380  6380 I artd    : GetBestInfo checking odex next to the dex file (/data/app/~~WCZNefmas-ruaAS15X9VAA==/com.example.skillswap-yh8_agp7pIeEHseI2HuapA==/oat/x86_64/base.odex)
01-08 23:17:00.028  6380  6380 I artd    : Loading /data/app/~~WCZNefmas-ruaAS15X9VAA==/com.example.skillswap-yh8_agp7pIeEHseI2HuapA==/oat/x86_64/base.odex with executable: 0
01-08 23:17:00.029  6380  6380 I artd    : OatFileAssistant test for existing oat file /data/app/~~WCZNefmas-ruaAS15X9VAA==/com.example.skillswap-yh8_agp7pIeEHseI2HuapA==/oat/x86_64/base.odex: File /data/app/~~WCZNefmas-ruaAS15X9VAA==/com.example.skillswap-yh8_agp7pIeEHseI2HuapA==/oat/x86_64/base.vdex does not exist.
01-08 23:17:00.029  6380  6380 I artd    : GetBestInfo checking vdex in dalvik-cache (/data/dalvik-cache/x86_64/data@app@~~WCZNefmas-ruaAS15X9VAA==@com.example.skillswap-yh8_agp7pIeEHseI2HuapA==@base.apk@classes.vdex)
01-08 23:17:00.029  6380  6380 I artd    : unable to open vdex file /data/dalvik-cache/x86_64/data@app@~~WCZNefmas-ruaAS15X9VAA==@com.example.skillswap-yh8_agp7pIeEHseI2HuapA==@base.apk@classes.vdex: File /data/dalvik-cache/x86_64/data@app@~~WCZNefmas-ruaAS15X9VAA==@com.example.skillswap-yh8_agp7pIeEHseI2HuapA==@base.apk@classes.vdex does not exist.
01-08 23:17:00.029  6380  6380 I artd    : OatFileAssistant test for existing oat file /data/dalvik-cache/x86_64/data@app@~~WCZNefmas-ruaAS15X9VAA==@com.example.skillswap-yh8_agp7pIeEHseI2HuapA==@base.apk@classes.vdex: File /data/dalvik-cache/x86_64/data@app@~~WCZNefmas-ruaAS15X9VAA==@com.example.skillswap-yh8_agp7pIeEHseI2HuapA==@base.apk@classes.vdex does not exist.
01-08 23:17:00.029  6380  6380 I artd    : GetBestInfo checking vdex next to the dex file (/data/app/~~WCZNefmas-ruaAS15X9VAA==/com.example.skillswap-yh8_agp7pIeEHseI2HuapA==/oat/x86_64/base.vdex)
01-08 23:17:00.029  6380  6380 I artd    : unable to open vdex file /data/app/~~WCZNefmas-ruaAS15X9VAA==/com.example.skillswap-yh8_agp7pIeEHseI2HuapA==/oat/x86_64/base.vdex: File /data/app/~~WCZNefmas-ruaAS15X9VAA==/com.example.skillswap-yh8_agp7pIeEHseI2HuapA==/oat/x86_64/base.vdex does not exist.
01-08 23:17:00.029  6380  6380 I artd    : OatFileAssistant test for existing oat file /data/app/~~WCZNefmas-ruaAS15X9VAA==/com.example.skillswap-yh8_agp7pIeEHseI2HuapA==/oat/x86_64/base.vdex: File /data/app/~~WCZNefmas-ruaAS15X9VAA==/com.example.skillswap-yh8_agp7pIeEHseI2HuapA==/oat/x86_64/base.vdex does not exist.
01-08 23:17:00.029  6380  6380 I artd    : GetBestInfo checking dm (/data/app/~~WCZNefmas-ruaAS15X9VAA==/com.example.skillswap-yh8_agp7pIeEHseI2HuapA==/base.dm)
01-08 23:17:00.029  6380  6380 W ziparchive: Unable to open '/data/app/~~WCZNefmas-ruaAS15X9VAA==/com.example.skillswap-yh8_agp7pIeEHseI2HuapA==/base.dm': No such file or directory
01-08 23:17:00.029  6380  6380 I artd    : OatFileAssistant test for existing oat file /data/app/~~WCZNefmas-ruaAS15X9VAA==/com.example.skillswap-yh8_agp7pIeEHseI2HuapA==/base.dm: I/O error
01-08 23:17:00.029  6380  6380 I artd    : GetBestInfo checking dm (/data/app/~~WCZNefmas-ruaAS15X9VAA==/com.example.skillswap-yh8_agp7pIeEHseI2HuapA==/base.dm)
01-08 23:17:00.029  6380  6380 W ziparchive: Unable to open '/data/app/~~WCZNefmas-ruaAS15X9VAA==/com.example.skillswap-yh8_agp7pIeEHseI2HuapA==/base.dm': No such file or directory
01-08 23:17:00.029  6380  6380 I artd    : OatFileAssistant test for existing oat file /data/app/~~WCZNefmas-ruaAS15X9VAA==/com.example.skillswap-yh8_agp7pIeEHseI2HuapA==/base.dm: I/O error
01-08 23:17:00.192 16293 16293 W ziparchive: Unable to open '/data/app/~~WCZNefmas-ruaAS15X9VAA==/com.example.skillswap-yh8_agp7pIeEHseI2HuapA==/base.dm': No such file or directory
01-08 23:17:00.192 16293 16293 W ziparchive: Unable to open '/data/app/~~WCZNefmas-ruaAS15X9VAA==/com.example.skillswap-yh8_agp7pIeEHseI2HuapA==/base.dm': No such file or directory
01-08 23:17:00.512 10789 10805 W android.vending: ApkAssets: Deleting an ApkAssets object '<empty> and /data/app/~~WCZNefmas-ruaAS15X9VAA==/com.example.skillswap-yh8_agp7pIeEHseI2HuapA==/base.apk' with 1 weak references
01-08 23:17:00.552 16293 16293 D nativeloader: Configuring clns-7 for other apk /data/app/~~WCZNefmas-ruaAS15X9VAA==/com.example.skillswap-yh8_agp7pIeEHseI2HuapA==/base.apk. target_sdk_version=34, uses_libraries=, library_path=/data/app/~~WCZNefmas-ruaAS15X9VAA==/com.example.skillswap-yh8_agp7pIeEHseI2HuapA==/lib/x86_64:/data/app/~~WCZNefmas-ruaAS15X9VAA==/com.example.skillswap-yh8_agp7pIeEHseI2HuapA==/base.apk!/lib/x86_64, permitted_path=/data:/mnt/expand:/data/user/0/com.example.skillswap
01-08 23:17:00.566  1138 16333 I ProximityAuth: [RecentAppsMediator] Package added: (user=UserHandle{0}) com.example.skillswap
01-08 23:17:00.755  1700 16319 W SQLiteLog: (28) double-quoted string literal: "com.example.skillswap"
01-08 23:17:01.128 16293 16293 W SoLoader: Recording new base apk path: /data/app/~~WCZNefmas-ruaAS15X9VAA==/com.example.skillswap-yh8_agp7pIeEHseI2HuapA==/base.apk
01-08 23:17:01.134 16293 16293 I SoLoader: Preparing SO source: DirectApkSoSource[root = [/data/app/~~WCZNefmas-ruaAS15X9VAA==/com.example.skillswap-yh8_agp7pIeEHseI2HuapA==/base.apk!/lib/x86_64]]
01-08 23:17:01.244 16293 16293 I SoLoader: Preparing SO source: ApplicationSoSource[DirectorySoSource[root = /data/app/~~WCZNefmas-ruaAS15X9VAA==/com.example.skillswap-yh8_agp7pIeEHseI2HuapA==/lib/x86_64 flags = 0]]
01-08 23:17:01.382 16293 16293 D nativeloader: Load /data/app/~~WCZNefmas-ruaAS15X9VAA==/com.example.skillswap-yh8_agp7pIeEHseI2HuapA==/base.apk!/lib/x86_64/libc++_shared.so using ns clns-7 from class loader (caller=/data/app/~~WCZNefmas-ruaAS15X9VAA==/com.example.skillswap-yh8_agp7pIeEHseI2HuapA==/base.apk): ok
01-08 23:17:01.467 16293 16293 D nativeloader: Load /data/app/~~WCZNefmas-ruaAS15X9VAA==/com.example.skillswap-yh8_agp7pIeEHseI2HuapA==/base.apk!/lib/x86_64/libjsi.so using ns clns-7 from class loader (caller=/data/app/~~WCZNefmas-ruaAS15X9VAA==/com.example.skillswap-yh8_agp7pIeEHseI2HuapA==/base.apk): ok
01-08 23:17:01.494 16293 16293 D nativeloader: Load /data/app/~~WCZNefmas-ruaAS15X9VAA==/com.example.skillswap-yh8_agp7pIeEHseI2HuapA==/base.apk!/lib/x86_64/libfbjni.so using ns clns-7 from class loader (caller=/data/app/~~WCZNefmas-ruaAS15X9VAA==/com.example.skillswap-yh8_agp7pIeEHseI2HuapA==/base.apk): ok
01-08 23:17:01.506 16293 16293 D nativeloader: Load /data/app/~~WCZNefmas-ruaAS15X9VAA==/com.example.skillswap-yh8_agp7pIeEHseI2HuapA==/base.apk!/lib/x86_64/libreactnative.so using ns clns-7 from class loader (caller=/data/app/~~WCZNefmas-ruaAS15X9VAA==/com.example.skillswap-yh8_agp7pIeEHseI2HuapA==/base.apk): ok
01-08 23:17:01.528 16293 16293 D nativeloader: Load /data/app/~~WCZNefmas-ruaAS15X9VAA==/com.example.skillswap-yh8_agp7pIeEHseI2HuapA==/base.apk!/lib/x86_64/libreact_codegen_rnscreens.so using ns clns-7 from class loader (caller=/data/app/~~WCZNefmas-ruaAS15X9VAA==/com.example.skillswap-yh8_agp7pIeEHseI2HuapA==/base.apk): ok
01-08 23:17:01.539 16293 16293 D nativeloader: Load /data/app/~~WCZNefmas-ruaAS15X9VAA==/com.example.skillswap-yh8_agp7pIeEHseI2HuapA==/base.apk!/lib/x86_64/libreact_codegen_safeareacontext.so using ns clns-7 from class loader (caller=/data/app/~~WCZNefmas-ruaAS15X9VAA==/com.example.skillswap-yh8_agp7pIeEHseI2HuapA==/base.apk): ok
01-08 23:17:01.542 16293 16293 D nativeloader: Load /data/app/~~WCZNefmas-ruaAS15X9VAA==/com.example.skillswap-yh8_agp7pIeEHseI2HuapA==/base.apk!/lib/x86_64/libappmodules.so using ns clns-7 from class loader (caller=/data/app/~~WCZNefmas-ruaAS15X9VAA==/com.example.skillswap-yh8_agp7pIeEHseI2HuapA==/base.apk): ok
01-08 23:17:02.075   587  1052 I ActivityTaskManager: START u0 {flg=0x10018000 cmp=com.example.skillswap/expo.modules.devlauncher.launcher.DevLauncherActivity} with LAUNCH_SINGLE_TASK from uid 10211 (BAL_ALLOW_VISIBLE_WINDOW) result code=0
01-08 23:17:02.077   896   972 V WindowManagerShell: Transition requested (#26): android.os.BinderProxy@c94bef TransitionRequestInfo { type = OPEN, triggerTask = TaskInfo{userId=0 taskId=13 displayId=0 isRunning=true baseIntent=Intent { act=android.intent.action.MAIN flg=0x30000000 cmp=com.example.skillswap/.MainActivity } baseActivity=ComponentInfo{com.example.skillswap/expo.modules.devlauncher.launcher.DevLauncherActivity} topActivity=ComponentInfo{com.example.skillswap/expo.modules.devlauncher.launcher.DevLauncherActivity} origActivity=null realActivity=ComponentInfo{com.example.skillswap/com.example.skillswap.MainActivity} numActivities=1 lastActiveTime=13304043 supportsMultiWindow=true resizeMode=1 isResizeable=true minWidth=-1 minHeight=-1 defaultMinSize=220 token=WCT{android.window.IWindowContainerToken$Stub$Proxy@4b256fc} topActivityType=1 pictureInPictureParams=null shouldDockBigOverlays=false launchIntoPipHostTaskId=-1 lastParentTaskIdBeforePip=-1 displayCutoutSafeInsets=Rect(0, 151 - 0, 0) topActivityInfo=ActivityInfo{9580185 expo.modules.devlauncher.launcher.DevLauncherActivity} launchCookies=[] positionInParent=Point(0, 0) parentTaskId=-1 isFocused=true isVisible=true isVisibleRequested=false isSleeping=false locusId=null displayAreaFeatureId=1 isTopActivityTransparent=false appCompatTaskInfo=AppCompatTaskInfo { topActivityInSizeCompat=false topActivityEligibleForLetterboxEducation= falseisLetterboxEducationEnabled= true isLetterboxDoubleTapEnabled= false topActivityEligibleForUserAspectRatioButton= false topActivityBoundsLetterboxed= false isFromLetterboxDoubleTap= false topActivityLetterboxVerticalPosition= -1 topActivityLetterboxHorizontalPosition= -1 topActivityLetterboxWidth=1344 topActivityLetterboxHeight=2992 isUserFullscreenOverrideEnabled=false isSystemFullscreenOverrideEnabled=false cameraCompatTaskInfo=CameraCompatTaskInfo { cameraCompatControlState=hidden freeformCameraCompatMode=inactive}}}, pipTask = null, remoteTransition = null, displayChange = null, flags = 0, debugId = 26 }
01-08 23:17:02.103   587   766 D CoreBackPreview: Window{a13191e u0 Splash Screen com.example.skillswap}: Setting back callback OnBackInvokedCallbackInfo{mCallback=android.window.IOnBackInvokedCallback$Stub$Proxy@3c96fcc, mPriority=0, mIsAnimationCallback=false}
01-08 23:17:02.208   587   620 D CoreBackPreview: Window{879b9cd u0 Splash Screen com.example.skillswap}: Setting back callback null
01-08 23:17:02.214   587   629 V WindowManager: Sent Transition (#26) createdAt=01-08 23:17:02.064 via request=TransitionRequestInfo { type = OPEN, triggerTask = TaskInfo{userId=0 taskId=13 displayId=0 isRunning=true baseIntent=Intent { act=android.intent.action.MAIN flg=0x30000000 cmp=com.example.skillswap/.MainActivity } baseActivity=ComponentInfo{com.example.skillswap/expo.modules.devlauncher.launcher.DevLauncherActivity} topActivity=ComponentInfo{com.example.skillswap/expo.modules.devlauncher.launcher.DevLauncherActivity} origActivity=null realActivity=ComponentInfo{com.example.skillswap/com.example.skillswap.MainActivity} numActivities=1 lastActiveTime=13304043 supportsMultiWindow=true resizeMode=1 isResizeable=true minWidth=-1 minHeight=-1 defaultMinSize=220 token=WCT{RemoteToken{22e338a Task{55c83b8 #13 type=standard A=10211:com.example.skillswap}}} topActivityType=1 pictureInPictureParams=null shouldDockBigOverlays=false launchIntoPipHostTaskId=-1 lastParentTaskIdBeforePip=-1 displayCutoutSafeInsets=Rect(0, 151 - 0, 0) topActivityInfo=ActivityInfo{b07ba93 expo.modules.devlauncher.launcher.DevLauncherActivity} launchCookies=[] positionInParent=Point(0, 0) parentTaskId=-1 isFocused=true isVisible=true isVisibleRequested=false isSleeping=false locusId=null displayAreaFeatureId=1 isTopActivityTransparent=false appCompatTaskInfo=AppCompatTaskInfo { topActivityInSizeCompat=false topActivityEligibleForLetterboxEducation= falseisLetterboxEducationEnabled= true isLetterboxDoubleTapEnabled= false topActivityEligibleForUserAspectRatioButton= false topActivityBoundsLetterboxed= false isFromLetterboxDoubleTap= false topActivityLetterboxVerticalPosition= -1 topActivityLetterboxHorizontalPosition= -1 topActivityLetterboxWidth=1344 topActivityLetterboxHeight=2992 isUserFullscreenOverrideEnabled=false isSystemFullscreenOverrideEnabled=false cameraCompatTaskInfo=CameraCompatTaskInfo { cameraCompatControlState=hidden freeformCameraCompatMode=inactive}}}, pipTask = null, remoteTransition = null, displayChange = null, flags = 0, debugId = 26 }
01-08 23:17:02.214   587   629 V WindowManager:         {null m=OPEN f=FILLS_TASK|IS_BEHIND_STARTING_WINDOW|NO_ANIMATION leash=Surface(name=ActivityRecord{a8fb1d2 u0 com.example.skillswap/expo.modules.devlauncher.launcher.DevLauncherActivity)/@0xf5a4ecd sb=Rect(0, 0 - 0, 0) eb=Rect(0, 0 - 1344, 2992) d=-1->0 r=-1->0:-1 bc=ff000000 component=com.example.skillswap/expo.modules.devlauncher.launcher.DevLauncherActivity},
01-08 23:17:02.214   587   629 V WindowManager:         {null m=CLOSE f=FILLS_TASK|IS_BEHIND_STARTING_WINDOW leash=Surface(name=ActivityRecord{5221b70 u0 com.example.skillswap/.MainActivity)/@0x993ec64 sb=Rect(0, 0 - 1344, 2992) eb=Rect(0, 0 - 1344, 2992) d=0 bc=ff000000 component=com.example.skillswap/.MainActivity}
01-08 23:17:02.214   587   766 W InputManager-JNI: Input channel object '879b9cd Splash Screen com.example.skillswap (client)' was disposed without first being removed with the input manager!
01-08 23:17:02.216   896   972 V WindowManagerShell: onTransitionReady (#26) android.os.BinderProxy@c94bef: {id=26 t=OPEN f=0x0 trk=0 r=[0@Point(0, 0)] c=[{null m=OPEN f=FILLS_TASK|IS_BEHIND_STARTING_WINDOW|NO_ANIMATION leash=Surface(name=ActivityRecord{a8fb1d2 u0 com.example.skillswap/expo.modules.devlauncher.launcher.DevLauncherActivity)/@0x7cb8c32 sb=Rect(0, 0 - 0, 0) eb=Rect(0, 0 - 1344, 2992) d=-1->0 r=-1->0:-1 bc=ff000000 component=com.example.skillswap/expo.modules.devlauncher.launcher.DevLauncherActivity},{null m=CLOSE f=FILLS_TASK|IS_BEHIND_STARTING_WINDOW leash=Surface(name=ActivityRecord{5221b70 u0 com.example.skillswap/.MainActivity)/@0x70e1d83 sb=Rect(0, 0 - 1344, 2992) eb=Rect(0, 0 - 1344, 2992) d=0 bc=ff000000 component=com.example.skillswap/.MainActivity}]}
01-08 23:17:02.219   896   972 V WindowManagerShell: Transition doesn't have explicit remote, search filters for match for {id=26 t=OPEN f=0x0 trk=0 r=[0@Point(0, 0)] c=[{null m=OPEN f=FILLS_TASK|IS_BEHIND_STARTING_WINDOW|NO_ANIMATION leash=Surface(name=ActivityRecord{a8fb1d2 u0 com.example.skillswap/expo.modules.devlauncher.launcher.DevLauncherActivity)/@0x7cb8c32 sb=Rect(0, 0 - 0, 0) eb=Rect(0, 0 - 1344, 2992) d=-1->0 r=-1->0:-1 bc=ff000000 component=com.example.skillswap/expo.modules.devlauncher.launcher.DevLauncherActivity},{null m=CLOSE f=FILLS_TASK|IS_BEHIND_STARTING_WINDOW leash=Surface(name=ActivityRecord{5221b70 u0 com.example.skillswap/.MainActivity)/@0x70e1d83 sb=Rect(0, 0 - 1344, 2992) eb=Rect(0, 0 - 1344, 2992) d=0 bc=ff000000 component=com.example.skillswap/.MainActivity}]}
01-08 23:17:02.219   896   972 V WindowManagerShell: start default transition animation, info = {id=26 t=OPEN f=0x0 trk=0 r=[0@Point(0, 0)] c=[{null m=OPEN f=FILLS_TASK|IS_BEHIND_STARTING_WINDOW|NO_ANIMATION leash=Surface(name=ActivityRecord{a8fb1d2 u0 com.example.skillswap/expo.modules.devlauncher.launcher.DevLauncherActivity)/@0x7cb8c32 sb=Rect(0, 0 - 0, 0) eb=Rect(0, 0 - 1344, 2992) d=-1->0 r=-1->0:-1 bc=ff000000 component=com.example.skillswap/expo.modules.devlauncher.launcher.DevLauncherActivity},{null m=CLOSE f=FILLS_TASK|IS_BEHIND_STARTING_WINDOW leash=Surface(name=ActivityRecord{5221b70 u0 com.example.skillswap/.MainActivity)/@0x70e1d83 sb=Rect(0, 0 - 1344, 2992) eb=Rect(0, 0 - 1344, 2992) d=0 bc=ff000000 component=com.example.skillswap/.MainActivity}]}
01-08 23:17:02.231   587  1052 D CoreBackPreview: Window{d5b2df6 u0 com.example.skillswap/com.example.skillswap.MainActivity}: Setting back callback OnBackInvokedCallbackInfo{mCallback=android.window.IOnBackInvokedCallback$Stub$Proxy@33bc3e8, mPriority=0, mIsAnimationCallback=false}
01-08 23:17:02.346 16293 16293 D nativeloader: Load /data/app/~~WCZNefmas-ruaAS15X9VAA==/com.example.skillswap-yh8_agp7pIeEHseI2HuapA==/base.apk!/lib/x86_64/libhermes.so using ns clns-7 from class loader (caller=/data/app/~~WCZNefmas-ruaAS15X9VAA==/com.example.skillswap-yh8_agp7pIeEHseI2HuapA==/base.apk): ok
01-08 23:17:02.353 16293 16293 D nativeloader: Load /data/app/~~WCZNefmas-ruaAS15X9VAA==/com.example.skillswap-yh8_agp7pIeEHseI2HuapA==/base.apk!/lib/x86_64/libhermestooling.so using ns clns-7 from class loader (caller=/data/app/~~WCZNefmas-ruaAS15X9VAA==/com.example.skillswap-yh8_agp7pIeEHseI2HuapA==/base.apk): ok
01-08 23:17:02.461   587   707 D CoreBackPreview: Window{6646e83 u0 com.example.skillswap/expo.modules.devlauncher.launcher.DevLauncherActivity}: Setting back callback OnBackInvokedCallbackInfo{mCallback=android.window.IOnBackInvokedCallback$Stub$Proxy@26e3839, mPriority=0, mIsAnimationCallback=false}
01-08 23:17:02.639   587   629 W ziparchive: Unable to open '/data/app/~~WCZNefmas-ruaAS15X9VAA==/com.example.skillswap-yh8_agp7pIeEHseI2HuapA==/base.dm': No such file or directory
01-08 23:17:02.641   587   629 I ActivityTaskManager: Displayed com.example.skillswap/expo.modules.devlauncher.launcher.DevLauncherActivity for user 0: +3s308ms
01-08 23:17:02.664   587   753 I ImeTracker: com.example.skillswap:263f628d: onRequestHide at ORIGIN_SERVER reason HIDE_UNSPECIFIED_WINDOW fromUser false
01-08 23:17:02.664   587   753 I ImeTracker: com.example.skillswap:263f628d: onCancelled at PHASE_SERVER_SHOULD_HIDE
01-08 23:17:02.696   587   620 D CoreBackPreview: Window{d5b2df6 u0 com.example.skillswap/com.example.skillswap.MainActivity}: Setting back callback null
01-08 23:17:02.700  1363  1363 I GoogleInputMethodService: GoogleInputMethodService.onStartInput():1911 onStartInput(EditorInfo{EditorInfo{packageName=com.example.skillswap, inputType=0, inputTypeString=NULL, enableLearning=false, autoCorrection=false, autoComplete=false, imeOptions=0, privateImeOptions=null, actionName=UNSPECIFIED, actionLabel=null, initialSelStart=-1, initialSelEnd=-1, initialCapsMode=0, label=null, fieldId=0, fieldName=null, extras=null, hintText=null, hintLocales=[]}}, false)
01-08 23:17:02.700   587   620 W InputManager-JNI: Input channel object 'd5b2df6 com.example.skillswap/com.example.skillswap.MainActivity (client)' was disposed without first being removed with the input manager!
01-08 23:17:02.715   587   707 W PackageConfigPersister: App-specific configuration not found for packageName: com.example.skillswap and userId: 0
01-08 23:17:02.920   587   620 D CoreBackPreview: Window{a13191e u0 Splash Screen com.example.skillswap EXITING}: Setting back callback null
01-08 23:17:02.921   587   707 W InputManager-JNI: Input channel object 'a13191e Splash Screen com.example.skillswap (client)' was disposed without first being removed with the input manager!
01-08 23:17:03.293 16293 16366 D nativeloader: Load /data/app/~~WCZNefmas-ruaAS15X9VAA==/com.example.skillswap-yh8_agp7pIeEHseI2HuapA==/base.apk!/lib/x86_64/libexpo-modules-core.so using ns clns-7 from class loader (caller=/data/app/~~WCZNefmas-ruaAS15X9VAA==/com.example.skillswap-yh8_agp7pIeEHseI2HuapA==/base.apk): ok
01-08 23:17:04.376   587  1601 I AppsFilter: interaction: PackageSetting{4c693d com.example.skillswap/10211} -> PackageSetting{636661d com.android.cts.priv.ctsshim/10183} BLOCKED
01-08 23:17:04.376   587  1601 I AppsFilter: interaction: PackageSetting{4c693d com.example.skillswap/10211} -> PackageSetting{fb48092 com.google.android.youtube/10166} BLOCKED
01-08 23:17:04.376   587  1601 I AppsFilter: interaction: PackageSetting{4c693d com.example.skillswap/10211} -> PackageSetting{1f36a63 com.android.internal.display.cutout.emulation.corner/10004} BLOCKED
01-08 23:17:04.376   587  1601 I AppsFilter: interaction: PackageSetting{4c693d com.example.skillswap/10211} -> PackageSetting{aa0a660 com.android.internal.display.cutout.emulation.double/10006} BLOCKED
01-08 23:17:04.376   587  1601 I AppsFilter: interaction: PackageSetting{4c693d com.example.skillswap/10211} -> PackageSetting{7584719 com.google.android.googlequicksearchbox/10145} BLOCKED
01-08 23:17:04.376   587  1601 I AppsFilter: interaction: PackageSetting{4c693d com.example.skillswap/10211} -> PackageSetting{c9613de com.google.android.onetimeinitializer/10131} BLOCKED
01-08 23:17:04.376   587  1601 I AppsFilter: interaction: PackageSetting{4c693d com.example.skillswap/10211} -> PackageSetting{1a849bf com.google.android.ext.shared/10119} BLOCKED
01-08 23:17:04.376   587  1601 I AppsFilter: interaction: PackageSetting{4c693d com.example.skillswap/10211} -> PackageSetting{3d9c88c com.android.virtualmachine.res/10195} BLOCKED
01-08 23:17:04.376   587  1601 I AppsFilter: interaction: PackageSetting{4c693d com.example.skillswap/10211} -> PackageSetting{71d3bd5 com.android.managedprovisioning.auto_generated_rro_product__/10041} BLOCKED
01-08 23:17:04.377   587  1601 I AppsFilter: interaction: PackageSetting{4c693d com.example.skillswap/10211} -> PackageSetting{b6b8fea com.android.carrierconfig.auto_generated_rro_vendor__/10085} BLOCKED
01-08 23:17:04.377   587  1601 I AppsFilter: interaction: PackageSetting{4c693d com.example.skillswap/10211} -> PackageSetting{ba1c2db com.google.android.server.deviceconfig.resources/10206} BLOCKED
01-08 23:17:04.377   587  1601 I AppsFilter: interaction: PackageSetting{4c693d com.example.skillswap/10211} -> PackageSetting{da0e178 com.android.systemui.emulation.pixel_3_xl/10054} BLOCKED
01-08 23:17:04.377   587  1601 I AppsFilter: interaction: PackageSetting{4c693d com.example.skillswap/10211} -> PackageSetting{d02c051 com.android.systemui.emulation.pixel_4_xl/10058} BLOCKED
01-08 23:17:04.377   587  1601 I AppsFilter: interaction: PackageSetting{4c693d com.example.skillswap/10211} -> PackageSetting{6ac0b6 com.android.systemui.emulation.pixel_fold/10074} BLOCKED
01-08 23:17:04.377   587  1601 I AppsFilter: interaction: PackageSetting{4c693d com.example.skillswap/10211} -> PackageSetting{6efb1b7 com.android.providers.telephony.auto_generated_characteristics_rro/10079} BLOCKED
01-08 23:17:04.377   587  1601 I AppsFilter: interaction: PackageSetting{4c693d com.example.skillswap/10211} -> PackageSetting{6be9d24 com.android.simappdialog.auto_generated_rro_product__/10051} BLOCKED
01-08 23:17:04.377   587  1601 I AppsFilter: interaction: PackageSetting{4c693d com.example.skillswap/10211} -> PackageSetting{e2108d com.android.htmlviewer/10121} BLOCKED
01-08 23:17:04.377   587  1601 I AppsFilter: interaction: PackageSetting{4c693d com.example.skillswap/10211} -> PackageSetting{b5a3242 com.google.android.health.connect.backuprestore/10199} BLOCKED
01-08 23:17:04.377   587  1601 I AppsFilter: interaction: PackageSetting{4c693d com.example.skillswap/10211} -> PackageSetting{1c3b253 com.android.systemui.auto_generated_rro_product__/10075} BLOCKED
01-08 23:17:04.377   587  1601 I AppsFilter: interaction: PackageSetting{4c693d com.example.skillswap/10211} -> PackageSetting{fda6790 com.google.android.apps.messaging/10142} BLOCKED
01-08 23:17:04.377   587  1601 I AppsFilter: interaction: PackageSetting{4c693d com.example.skillswap/10211} -> PackageSetting{4ec2889 com.google.android.soundpicker/10163} BLOCKED
01-08 23:17:04.377   587  1601 I AppsFilter: interaction: PackageSetting{4c693d com.example.skillswap/10211} -> PackageSetting{fdd308e com.google.android.marvin.talkbackoverlay/10087} BLOCKED
01-08 23:17:04.377   587  1601 I AppsFilter: interaction: PackageSetting{4c693d com.example.skillswap/10211} -> PackageSetting{1cd20af com.google.android.configupdater/10128} BLOCKED
01-08 23:17:04.377   587  1601 I AppsFilter: interaction: PackageSetting{4c693d com.example.skillswap/10211} -> PackageSetting{aa66cbc com.android.internal.emulation.pixel_3a_xl/10014} BLOCKED
01-08 23:17:04.377   587  1601 I AppsFilter: interaction: PackageSetting{4c693d com.example.skillswap/10211} -> PackageSetting{365c445 com.android.internal.emulation.pixel_6_pro/10024} BLOCKED
01-08 23:17:04.377   587  1601 I AppsFilter: interaction: PackageSetting{4c693d com.example.skillswap/10211} -> PackageSetting{67fc79a com.android.internal.emulation.pixel_7_pro/10026} BLOCKED
01-08 23:17:04.377   587  1601 I AppsFilter: interaction: PackageSetting{4c693d com.example.skillswap/10211} -> PackageSetting{e5518cb com.android.internal.emulation.pixel_8_pro/10027} BLOCKED
01-08 23:17:04.377   587  1601 I AppsFilter: interaction: PackageSetting{4c693d com.example.skillswap/10211} -> PackageSetting{fcb98a8 com.android.internal.emulation.pixel_9_pro/10030} BLOCKED
01-08 23:17:04.377   587  1601 I AppsFilter: interaction: PackageSetting{4c693d com.example.skillswap/10211} -> PackageSetting{c235fc1 com.android.internal.emulation.pixel_3a/10016} BLOCKED
01-08 23:17:04.377   587  1601 I AppsFilter: interaction: PackageSetting{4c693d com.example.skillswap/10211} -> PackageSetting{282c366 com.android.internal.emulation.pixel_4a/10017} BLOCKED
01-08 23:17:04.377   587  1601 I AppsFilter: interaction: PackageSetting{4c693d com.example.skillswap/10211} -> PackageSetting{1a76a7 com.android.internal.emulation.pixel_6a/10023} BLOCKED
01-08 23:17:04.377   587  1601 I AppsFilter: interaction: PackageSetting{4c693d com.example.skillswap/10211} -> PackageSetting{7959754 com.android.internal.emulation.pixel_7a/10025} BLOCKED
01-08 23:17:04.377   587  1601 I AppsFilter: interaction: PackageSetting{4c693d com.example.skillswap/10211} -> PackageSetting{dc536fd com.android.internal.emulation.pixel_8a/10028} BLOCKED
01-08 23:17:04.377   587  1601 I AppsFilter: interaction: PackageSetting{4c693d com.example.skillswap/10211} -> PackageSetting{867aff2 com.google.android.overlay.googlewebview/10038} BLOCKED
01-08 23:17:04.377   587  1601 I AppsFilter: interaction: PackageSetting{4c693d com.example.skillswap/10211} -> PackageSetting{2edd643 com.google.android.apps.safetyhub/10139} BLOCKED
01-08 23:17:04.377   587  1601 I AppsFilter: interaction: PackageSetting{4c693d com.example.skillswap/10211} -> PackageSetting{15ed4c0 com.google.android.hotspot2.osulogin/10202} BLOCKED
01-08 23:17:04.377   587  1601 I AppsFilter: interaction: PackageSetting{4c693d com.example.skillswap/10211} -> PackageSetting{6b345f9 com.android.simappdialog/10124} BLOCKED
01-08 23:17:04.377   587  1601 I AppsFilter: interaction: PackageSetting{4c693d com.example.skillswap/10211} -> PackageSetting{13cd93e com.android.internal.display.cutout.emulation.hole/10008} BLOCKED
01-08 23:17:04.377   587  1601 I AppsFilter: interaction: PackageSetting{4c693d com.example.skillswap/10211} -> PackageSetting{50d939f com.android.internal.display.cutout.emulation.tall/10011} BLOCKED
01-08 23:17:04.377   587  1601 I AppsFilter: interaction: PackageSetting{4c693d com.example.skillswap/10211} -> PackageSetting{5bc7cec com.android.internal.systemui.navbar.threebutton/10045} BLOCKED
01-08 23:17:04.377   587  1601 I AppsFilter: interaction: PackageSetting{4c693d com.example.skillswap/10211} -> PackageSetting{9d948b5 com.android.internal.ranchu.commonoverlay/10048} BLOCKED
01-08 23:17:04.377   587  1601 I AppsFilter: interaction: PackageSetting{4c693d com.example.skillswap/10211} -> PackageSetting{6a94b4a com.android.systemui.auto_generated_rro_vendor__/10088} BLOCKED
01-08 23:17:04.377   587  1601 I AppsFilter: interaction: PackageSetting{4c693d com.example.skillswap/10211} -> PackageSetting{41cabb com.google.android.deskclock/10160} BLOCKED
01-08 23:17:04.377   587  1601 I AppsFilter: interaction: PackageSetting{4c693d com.example.skillswap/10211} -> PackageSetting{f6a7bd8 com.android.internal.systemui.navbar.twobutton/10040} BLOCKED
01-08 23:17:04.377   587  1601 I AppsFilter: interaction: PackageSetting{4c693d com.example.skillswap/10211} -> PackageSetting{322bb31 com.google.android.as/10135} BLOCKED
01-08 23:17:04.377   587  1601 I AppsFilter: interaction: PackageSetting{4c693d com.example.skillswap/10211} -> PackageSetting{3b8d216 com.google.android.gm/10167} BLOCKED
01-08 23:17:04.377   587  1601 I AppsFilter: interaction: PackageSetting{4c693d com.example.skillswap/10211} -> PackageSetting{8b85797 com.android.compos.payload/10194} BLOCKED
01-08 23:17:04.377   587  1601 I AppsFilter: interaction: PackageSetting{4c693d com.example.skillswap/10211} -> PackageSetting{6f77d84 com.android.systemui.emulation.pixel_3/10053} BLOCKED
01-08 23:17:04.377   587  1601 I AppsFilter: interaction: PackageSetting{4c693d com.example.skillswap/10211} -> PackageSetting{7b6d96d com.android.systemui.emulation.pixel_4/10057} BLOCKED
01-08 23:17:04.377   587  1601 I AppsFilter: interaction: PackageSetting{4c693d com.example.skillswap/10211} -> PackageSetting{667f9a2 com.android.systemui.emulation.pixel_5/10060} BLOCKED
01-08 23:17:04.377   587  1601 I AppsFilter: interaction: PackageSetting{4c693d com.example.skillswap/10211} -> PackageSetting{da0d633 com.android.systemui.emulation.pixel_6/10061} BLOCKED
01-08 23:17:04.377   587  1601 I AppsFilter: interaction: PackageSetting{4c693d com.example.skillswap/10211} -> PackageSetting{d30edf0 com.android.systemui.emulation.pixel_7/10064} BLOCKED
01-08 23:17:04.377   587  1601 I AppsFilter: interaction: PackageSetting{4c693d com.example.skillswap/10211} -> PackageSetting{df49f69 com.android.systemui.emulation.pixel_8/10067} BLOCKED
01-08 23:17:04.377   587  1601 I AppsFilter: interaction: PackageSetting{4c693d com.example.skillswap/10211} -> PackageSetting{df00dee com.android.systemui.emulation.pixel_9/10070} BLOCKED
01-08 23:17:04.378   587  1601 I AppsFilter: interaction: PackageSetting{4c693d com.example.skillswap/10211} -> PackageSetting{788a28f com.android.printspooler/10125} BLOCKED
01-08 23:17:04.378   587  1601 I AppsFilter: interaction: PackageSetting{4c693d com.example.skillswap/10211} -> PackageSetting{4ef91c com.google.android.connectivity.resources.goldfish.overlay/10090} BLOCKED
01-08 23:17:04.378   587  1601 I AppsFilter: interaction: PackageSetting{4c693d com.example.skillswap/10211} -> PackageSetting{92ec925 com.android.dreams.basic/10111} BLOCKED
01-08 23:17:04.378   587  1601 I AppsFilter: interaction: PackageSetting{4c693d com.example.skillswap/10211} -> PackageSetting{1d31afa com.google.android.networkstack.tethering.emulator/10034} BLOCKED
01-08 23:17:04.378   587  1601 I AppsFilter: interaction: PackageSetting{4c693d com.example.skillswap/10211} -> PackageSetting{76d8ab com.android.providers.settings.auto_generated_rro_product__/10050} BLOCKED
01-08 23:17:04.378   587  1601 I AppsFilter: interaction: PackageSetting{4c693d com.example.skillswap/10211} -> PackageSetting{7e08b08 com.google.android.as.oss/10129} BLOCKED
01-08 23:17:04.378   587  1601 I AppsFilter: interaction: PackageSetting{4c693d com.example.skillswap/10211} -> PackageSetting{527d2a1 com.android.traceur.auto_generated_rro_product__/10081} BLOCKED
01-08 23:17:04.378   587  1601 I AppsFilter: interaction: PackageSetting{4c693d com.example.skillswap/10211} -> PackageSetting{da7ecc6 com.android.internal.emulation.pixel_9_pro_fold/10033} BLOCKED
01-08 23:17:04.378   587  1601 I AppsFilter: interaction: PackageSetting{4c693d com.example.skillswap/10211} -> PackageSetting{1c85487 com.google.android.devicelockcontroller/10187} BLOCKED
01-08 23:17:04.378   587  1601 I AppsFilter: interaction: PackageSetting{4c693d com.example.skillswap/10211} -> PackageSetting{3774fb4 com.google.android.dialer/10138} BLOCKED
01-08 23:17:04.378   587  1601 I AppsFilter: interaction: PackageSetting{4c693d com.example.skillswap/10211} -> PackageSetting{d4df7dd com.android.internal.emulation.pixel_3/10010} BLOCKED
01-08 23:17:04.378   587  1601 I AppsFilter: interaction: PackageSetting{4c693d com.example.skillswap/10211} -> PackageSetting{da60f52 com.android.internal.emulation.pixel_4/10020} BLOCKED
01-08 23:17:04.378   587  1601 I AppsFilter: interaction: PackageSetting{4c693d com.example.skillswap/10211} -> PackageSetting{3cbb223 com.android.internal.emulation.pixel_5/10018} BLOCKED
01-08 23:17:04.378   587  1601 I AppsFilter: interaction: PackageSetting{4c693d com.example.skillswap/10211} -> PackageSetting{813b320 com.android.internal.emulation.pixel_6/10021} BLOCKED
01-08 23:17:04.378   587  1601 I AppsFilter: interaction: PackageSetting{4c693d com.example.skillswap/10211} -> PackageSetting{bb734d9 com.android.internal.emulation.pixel_7/10022} BLOCKED
01-08 23:17:04.378   587  1601 I AppsFilter: interaction: PackageSetting{4c693d com.example.skillswap/10211} -> PackageSetting{7f1ce9e com.android.internal.emulation.pixel_8/10029} BLOCKED
01-08 23:17:04.378   587  1601 I AppsFilter: interaction: PackageSetting{4c693d com.example.skillswap/10211} -> PackageSetting{b1d4d7f com.android.internal.emulation.pixel_9/10031} BLOCKED
01-08 23:17:04.378   587  1601 I AppsFilter: interaction: PackageSetting{4c693d com.example.skillswap/10211} -> PackageSetting{850e14c com.google.android.captiveportallogin/10115} BLOCKED
01-08 23:17:04.378   587  1601 I AppsFilter: interaction: PackageSetting{4c693d com.example.skillswap/10211} -> PackageSetting{bdd4595 android.auto_generated_characteristics_rro/10083} BLOCKED
01-08 23:17:04.378   587  1601 I AppsFilter: interaction: PackageSetting{4c693d com.example.skillswap/10211} -> PackageSetting{ea836aa com.google.android.appsearch.apk/10191} BLOCKED
01-08 23:17:04.378   587  1601 I AppsFilter: interaction: PackageSetting{4c693d com.example.skillswap/10211} -> PackageSetting{fc3429b com.android.musicfx/10105} BLOCKED
01-08 23:17:04.378   587  1601 I AppsFilter: interaction: PackageSetting{4c693d com.example.skillswap/10211} -> PackageSetting{258ca48 com.google.android.apps.maps/10157} BLOCKED
01-08 23:17:04.379   587  1601 I AppsFilter: interaction: PackageSetting{4c693d com.example.skillswap/10211} -> PackageSetting{350c638 com.google.android.markup/10151} BLOCKED
01-08 23:17:04.379   587  1601 I AppsFilter: interaction: PackageSetting{4c693d com.example.skillswap/10211} -> PackageSetting{d19a611 com.google.android.rkpdapp/10186} BLOCKED
01-08 23:17:04.379   587  1601 I AppsFilter: interaction: PackageSetting{4c693d com.example.skillswap/10211} -> PackageSetting{6ab1376 com.google.android.contacts/10150} BLOCKED
01-08 23:17:04.379   587  1601 I AppsFilter: interaction: PackageSetting{4c693d com.example.skillswap/10211} -> PackageSetting{a096d77 com.android.server.telecom.auto_generated_rro_product__/10078} BLOCKED
01-08 23:17:04.379   587  1601 I AppsFilter: interaction: PackageSetting{4c693d com.example.skillswap/10211} -> PackageSetting{6680de4 com.android.phone.auto_generated_characteristics_rro/10076} BLOCKED
01-08 23:17:04.379   587  1601 I AppsFilter: interaction: PackageSetting{4c693d com.example.skillswap/10211} -> PackageSetting{e1924d com.google.android.overlay.googleconfig/10043} BLOCKED
01-08 23:17:04.379   587  1601 I AppsFilter: interaction: PackageSetting{4c693d com.example.skillswap/10211} -> PackageSetting{f2cf102 com.android.bips.auto_generated_rro_product__/10002} BLOCKED
01-08 23:17:04.379   587  1601 I AppsFilter: interaction: PackageSetting{4c693d com.example.skillswap/10211} -> PackageSetting{11d6a13 com.google.android.apps.customization.pixel/10155} BLOCKED
01-08 23:17:04.379   587  1601 I AppsFilter: interaction: PackageSetting{4c693d com.example.skillswap/10211} -> PackageSetting{d8a2450 com.google.android.tag/10108} BLOCKED
01-08 23:17:04.379   587  1601 I AppsFilter: interaction: PackageSetting{4c693d com.example.skillswap/10211} -> PackageSetting{c20649 com.google.android.overlay.permissioncontroller/10037} BLOCKED
01-08 23:17:04.379   587  1601 I AppsFilter: interaction: PackageSetting{4c693d com.example.skillswap/10211} -> PackageSetting{5fd1b4e com.google.android.partnersetup/10137} BLOCKED
01-08 23:17:04.379   587  1601 I AppsFilter: interaction: PackageSetting{4c693d com.example.skillswap/10211} -> PackageSetting{76a946f com.google.android.apps.wallpaper.nexus/10154} BLOCKED
01-08 23:17:04.380   587  1601 I AppsFilter: interaction: PackageSetting{4c693d com.example.skillswap/10211} -> PackageSetting{e75357c com.google.android.apps.nexuslauncher/10176} BLOCKED
01-08 23:17:04.380   587  1601 I AppsFilter: interaction: PackageSetting{4c693d com.example.skillswap/10211} -> PackageSetting{81bbe05 com.android.theme.font.notoserifsource/10035} BLOCKED
01-08 23:17:04.380   587  1601 I AppsFilter: interaction: PackageSetting{4c693d com.example.skillswap/10211} -> PackageSetting{4939e5a com.google.android.safetycenter.resources/10188} BLOCKED
01-08 23:17:04.380   587  1601 I AppsFilter: interaction: PackageSetting{4c693d com.example.skillswap/10211} -> PackageSetting{b6088b com.android.internal.display.cutout.emulation.waterfall/10012} BLOCKED
01-08 23:17:04.380   587  1601 I AppsFilter: interaction: PackageSetting{4c693d com.example.skillswap/10211} -> PackageSetting{a9e2d68 com.android.internal.systemui.navbar.transparent/10082} BLOCKED
01-08 23:17:04.380   587  1601 I AppsFilter: interaction: PackageSetting{4c693d com.example.skillswap/10211} -> PackageSetting{d9f3581 com.google.android.connectivity.resources/10190} BLOCKED
01-08 23:17:04.380   587  1601 I AppsFilter: interaction: PackageSetting{4c693d com.example.skillswap/10211} -> PackageSetting{1dd4626 com.android.providers.contacts.auto_generated_rro_product__/10007} BLOCKED
