01-08 23:17:04.380   587  1601 I AppsFilter: interaction: PackageSetting{4c693d com.example.skillswap/10211} -> PackageSetting{dfaa267 com.google.android.feedback/10172} BLOCKED
01-08 23:17:04.381   587  1601 I AppsFilter: interaction: PackageSetting{4c693d com.example.skillswap/10211} -> PackageSetting{3dcb814 com.google.android.printservice.recommendation/10122} BLOCKED
01-08 23:17:04.381   587  1601 I AppsFilter: interaction: PackageSetting{4c693d com.example.skillswap/10211} -> PackageSetting{d05c45c com.google.android.calendar/10149} BLOCKED
01-08 23:17:04.382   587  1601 I AppsFilter: interaction: PackageSetting{4c693d com.example.skillswap/10211} -> PackageSetting{888a8bd com.android.systemui.emulation.pixel_3a_xl/10056} BLOCKED
01-08 23:17:04.382   587  1601 I AppsFilter: interaction: PackageSetting{4c693d com.example.skillswap/10211} -> PackageSetting{4c79eb2 com.android.systemui.emulation.pixel_6_pro/10062} BLOCKED
01-08 23:17:04.382   587  1601 I AppsFilter: interaction: PackageSetting{4c693d com.example.skillswap/10211} -> PackageSetting{b04fe03 com.android.systemui.emulation.pixel_7_pro/10065} BLOCKED
01-08 23:17:04.382   587  1601 I AppsFilter: interaction: PackageSetting{4c693d com.example.skillswap/10211} -> PackageSetting{fd74180 com.android.systemui.emulation.pixel_8_pro/10068} BLOCKED
01-08 23:17:04.382   587  1601 I AppsFilter: interaction: PackageSetting{4c693d com.example.skillswap/10211} -> PackageSetting{d9c13b9 com.android.systemui.emulation.pixel_9_pro/10071} BLOCKED
01-08 23:17:04.382   587  1601 I AppsFilter: interaction: PackageSetting{4c693d com.example.skillswap/10211} -> PackageSetting{38cf3fe com.android.carrierconfig.auto_generated_rro_product__/10001} BLOCKED
01-08 23:17:04.382   587  1601 I AppsFilter: interaction: PackageSetting{4c693d com.example.skillswap/10211} -> PackageSetting{9cf775f com.android.devicediagnostics.auto_generated_rro_product__/10009} BLOCKED
01-08 23:17:04.382   587  1601 I AppsFilter: interaction: PackageSetting{4c693d com.example.skillswap/10211} -> PackageSetting{62ef5ac com.android.providers.partnerbookmarks/10123} BLOCKED
01-08 23:17:04.382   587  1601 I AppsFilter: interaction: PackageSetting{4c693d com.example.skillswap/10211} -> PackageSetting{fe13275 com.android.wallpaper.livepicker/10103} BLOCKED
01-08 23:17:04.382   587  1601 I AppsFilter: interaction: PackageSetting{4c693d com.example.skillswap/10211} -> PackageSetting{bc0520a com.android.providers.telephony.auto_generated_rro_product__/10080} BLOCKED
01-08 23:17:04.382   587  1601 I AppsFilter: interaction: PackageSetting{4c693d com.example.skillswap/10211} -> PackageSetting{79e2a7b com.android.phone.auto_generated_rro_vendor__/10086} BLOCKED
01-08 23:17:04.382   587  1601 I AppsFilter: interaction: PackageSetting{4c693d com.example.skillswap/10211} -> PackageSetting{56bc098 com.android.imsserviceentitlement/10132} BLOCKED
01-08 23:17:04.382   587  1601 I AppsFilter: interaction: PackageSetting{4c693d com.example.skillswap/10211} -> PackageSetting{11f80f1 com.android.internal.emulation.pixel_9_pro_xl/10032} BLOCKED
01-08 23:17:04.382   587  1601 I AppsFilter: interaction: PackageSetting{4c693d com.example.skillswap/10211} -> PackageSetting{f1984d6 com.google.android.healthconnect.controller/10198} BLOCKED
01-08 23:17:04.382   587  1601 I AppsFilter: interaction: PackageSetting{4c693d com.example.skillswap/10211} -> PackageSetting{7daf357 com.android.internal.emulation.pixel_2_xl/10013} BLOCKED
01-08 23:17:04.382   587  1601 I AppsFilter: interaction: PackageSetting{4c693d com.example.skillswap/10211} -> PackageSetting{aa84e44 com.android.internal.emulation.pixel_3_xl/10015} BLOCKED
01-08 23:17:04.382   587  1601 I AppsFilter: interaction: PackageSetting{4c693d com.example.skillswap/10211} -> PackageSetting{e1a3b2d com.android.internal.emulation.pixel_4_xl/10019} BLOCKED
01-08 23:17:04.382   587  1601 I AppsFilter: interaction: PackageSetting{4c693d com.example.skillswap/10211} -> PackageSetting{1011862 com.android.internal.emulation.pixel_fold/10036} BLOCKED
01-08 23:17:04.382   587  1601 I AppsFilter: interaction: PackageSetting{4c693d com.example.skillswap/10211} -> PackageSetting{b16df3 com.android.bookmarkprovider/10110} BLOCKED
01-08 23:17:04.382   587  1601 I AppsFilter: interaction: PackageSetting{4c693d com.example.skillswap/10211} -> PackageSetting{7fe0ab0 com.google.android.overlay.pixelconfigcommon/10047} BLOCKED
01-08 23:17:04.383   587  1601 I AppsFilter: interaction: PackageSetting{4c693d com.example.skillswap/10211} -> PackageSetting{28c5d29 com.android.systemui.accessibility.accessibilitymenu.auto_generated_rro_product__/10000} BLOCKED
01-08 23:17:04.383   587  1601 I AppsFilter: interaction: PackageSetting{4c693d com.example.skillswap/10211} -> PackageSetting{dc58ae com.android.systemui.emulation.pixel_3a/10055} BLOCKED
01-08 23:17:04.383   587  1601 I AppsFilter: interaction: PackageSetting{4c693d com.example.skillswap/10211} -> PackageSetting{56af64f com.android.systemui.emulation.pixel_4a/10059} BLOCKED
01-08 23:17:04.383   587  1601 I AppsFilter: interaction: PackageSetting{4c693d com.example.skillswap/10211} -> PackageSetting{5b121dc com.android.systemui.emulation.pixel_6a/10063} BLOCKED
01-08 23:17:04.383   587  1601 I AppsFilter: interaction: PackageSetting{4c693d com.example.skillswap/10211} -> PackageSetting{e4a2e5 com.android.systemui.emulation.pixel_7a/10066} BLOCKED
01-08 23:17:04.383   587  1601 I AppsFilter: interaction: PackageSetting{4c693d com.example.skillswap/10211} -> PackageSetting{d1951ba com.android.systemui.emulation.pixel_8a/10069} BLOCKED
01-08 23:17:04.383   587  1601 I AppsFilter: interaction: PackageSetting{4c693d com.example.skillswap/10211} -> PackageSetting{a8aa86b com.google.android.settings.intelligence/10140} BLOCKED
01-08 23:17:04.383   587  1601 I AppsFilter: interaction: PackageSetting{4c693d com.example.skillswap/10211} -> PackageSetting{3f2a0bc com.google.android.projection.gearhead/10130} BLOCKED
01-08 23:17:04.383   587  1601 I AppsFilter: interaction: PackageSetting{4c693d com.example.skillswap/10211} -> PackageSetting{a1c7fc8 com.google.android.uwb.resources/10197} BLOCKED
01-08 23:17:04.383   587  1601 I AppsFilter: interaction: PackageSetting{4c693d com.example.skillswap/10211} -> PackageSetting{8afe845 com.android.cts.ctsshim/10184} BLOCKED
01-08 23:17:04.383   587  1601 I AppsFilter: interaction: PackageSetting{4c693d com.example.skillswap/10211} -> PackageSetting{9c18861 com.google.android.wifi.resources/10201} BLOCKED
01-08 23:17:04.383   587  1601 I AppsFilter: interaction: PackageSetting{4c693d com.example.skillswap/10211} -> PackageSetting{afacf86 com.google.android.wifi.dialog/10203} BLOCKED
01-08 23:17:04.383   587  1601 I AppsFilter: interaction: PackageSetting{4c693d com.example.skillswap/10211} -> PackageSetting{fa96047 com.android.wallpaper/10179} BLOCKED
01-08 23:17:04.383   587  1601 I AppsFilter: interaction: PackageSetting{4c693d com.example.skillswap/10211} -> PackageSetting{6e88aaa com.android.microdroid.empty_payload/10196} BLOCKED
01-08 23:17:04.384   587  1601 I AppsFilter: interaction: PackageSetting{4c693d com.example.skillswap/10211} -> PackageSetting{45dd074 com.google.android.apps.wallpaper/10180} BLOCKED
01-08 23:17:04.384   587  1601 I AppsFilter: interaction: PackageSetting{4c693d com.example.skillswap/10211} -> PackageSetting{f2d499d com.google.android.odad/10134} BLOCKED
01-08 23:17:04.384   587  1601 I AppsFilter: interaction: PackageSetting{4c693d com.example.skillswap/10211} -> PackageSetting{f245e12 com.android.settings.auto_generated_rro_product__/10049} BLOCKED
01-08 23:17:04.384   587  1601 I AppsFilter: interaction: PackageSetting{4c693d com.example.skillswap/10211} -> PackageSetting{b11b9e3 com.android.systemui.emulation.pixel_9_pro_xl/10073} BLOCKED
01-08 23:17:04.384   587  1601 I AppsFilter: interaction: PackageSetting{4c693d com.example.skillswap/10211} -> PackageSetting{5c17fe0 com.android.companiondevicemanager.auto_generated_characteristics_rro/10003} BLOCKED
01-08 23:17:04.384   587  1601 I AppsFilter: interaction: PackageSetting{4c693d com.example.skillswap/10211} -> PackageSetting{f99e299 com.android.internal.systemui.navbar.gestural/10044} BLOCKED
01-08 23:17:04.384   587  1601 I AppsFilter: interaction: PackageSetting{4c693d com.example.skillswap/10211} -> PackageSetting{2e6495e com.google.android.apps.youtube.music/10165} BLOCKED
01-08 23:17:04.384   587  1601 I AppsFilter: interaction: PackageSetting{4c693d com.example.skillswap/10211} -> PackageSetting{31c113f com.android.bluetoothmidiservice/10112} BLOCKED
01-08 23:17:04.384   587  1601 I AppsFilter: interaction: PackageSetting{4c693d com.example.skillswap/10211} -> PackageSetting{5eeba0c com.android.storagemanager.auto_generated_rro_product__/10052} BLOCKED
01-08 23:17:04.384   587  1601 I AppsFilter: interaction: PackageSetting{4c693d com.example.skillswap/10211} -> PackageSetting{49d0f55 com.google.android.cellbroadcastreceiver/10200} BLOCKED
01-08 23:17:04.384   587  1601 I AppsFilter: interaction: PackageSetting{4c693d com.example.skillswap/10211} -> PackageSetting{2499d6a com.android.phone.auto_generated_rro_product__/10077} BLOCKED
01-08 23:17:04.384   587  1601 I AppsFilter: interaction: PackageSetting{4c693d com.example.skillswap/10211} -> PackageSetting{14a825b com.android.systemui.emulation.pixel_9_pro_fold/10072} BLOCKED
01-08 23:17:04.384   587  1601 I AppsFilter: interaction: PackageSetting{4c693d com.example.skillswap/10211} -> PackageSetting{dd36af8 android.auto_generated_rro_product__/10084} BLOCKED
01-08 23:17:04.384   587  1601 I AppsFilter: interaction: PackageSetting{4c693d com.example.skillswap/10211} -> PackageSetting{16c4bd1 com.google.android.inputmethod.latin/10156} BLOCKED
01-08 23:17:04.384   587  1601 I AppsFilter: interaction: PackageSetting{4c693d com.example.skillswap/10211} -> PackageSetting{edc2636 android.auto_generated_rro_vendor__/10089} BLOCKED
01-08 23:17:04.384   587  1601 I AppsFilter: interaction: PackageSetting{4c693d com.example.skillswap/10211} -> PackageSetting{b24e937 com.google.android.apps.restore/10136} BLOCKED
01-08 23:17:04.452 16293 16379 D nativeloader: Load /data/app/~~WCZNefmas-ruaAS15X9VAA==/com.example.skillswap-yh8_agp7pIeEHseI2HuapA==/base.apk!/lib/x86_64/libimagepipeline.so using ns clns-7 from class loader (caller=/data/app/~~WCZNefmas-ruaAS15X9VAA==/com.example.skillswap-yh8_agp7pIeEHseI2HuapA==/base.apk): ok
01-08 23:17:04.535 12417 12417 D ActivityThread: Package [com.example.skillswap] reported as REPLACED, but missing application info. Assuming REMOVED.
01-08 23:17:04.545 12417 12417 D ActivityThread: Package [com.example.skillswap] reported as REPLACED, but missing application info. Assuming REMOVED.
01-08 23:17:07.071 16293 16407 D ProfileInstaller: Installing profile for com.example.skillswap
01-08 23:17:11.842 16293 16356 W unknown:ReconnectingWebSocket: Couldn't connect to "ws://10.0.2.2:8081/message?device=sdk_gphone64_x86_64%20-%2015%20-%20API%2035&app=com.example.skillswap&clientid=BridgelessDevSupportManager", will silently retry
01-08 23:17:20.796   587   620 D CoreBackPreview: startBackNavigation currentTask=Task{55c83b8 #13 type=standard A=10211:com.example.skillswap}, topRunningActivity=ActivityRecord{a8fb1d2 u0 com.example.skillswap/expo.modules.devlauncher.launcher.DevLauncherActivity t13}, callbackInfo=OnBackInvokedCallbackInfo{mCallback=android.window.IOnBackInvokedCallback$Stub$Proxy@26e3839, mPriority=0, mIsAnimationCallback=false}, currentFocus=Window{6646e83 u0 com.example.skillswap/expo.modules.devlauncher.launcher.DevLauncherActivity}
01-08 23:17:20.968   896   972 V WindowManagerShell: Transition requested (#27): android.os.BinderProxy@7016d73 TransitionRequestInfo { type = CLOSE, triggerTask = TaskInfo{userId=0 taskId=13 displayId=0 isRunning=false baseIntent=Intent { act=android.intent.action.MAIN flg=0x30000000 cmp=com.example.skillswap/.MainActivity } baseActivity=null topActivity=null origActivity=null realActivity=ComponentInfo{com.example.skillswap/com.example.skillswap.MainActivity} numActivities=0 lastActiveTime=13304170 supportsMultiWindow=true resizeMode=1 isResizeable=true minWidth=-1 minHeight=-1 defaultMinSize=220 token=WCT{android.window.IWindowContainerToken$Stub$Proxy@4e6d430} topActivityType=1 pictureInPictureParams=null shouldDockBigOverlays=false launchIntoPipHostTaskId=-1 lastParentTaskIdBeforePip=-1 displayCutoutSafeInsets=Rect(0, 151 - 0, 0) topActivityInfo=null launchCookies=[] positionInParent=Point(0, 0) parentTaskId=-1 isFocused=true isVisible=true isVisibleRequested=true isSleeping=false locusId=null displayAreaFeatureId=1 isTopActivityTransparent=false appCompatTaskInfo=AppCompatTaskInfo { topActivityInSizeCompat=false topActivityEligibleForLetterboxEducation= falseisLetterboxEducationEnabled= false isLetterboxDoubleTapEnabled= false topActivityEligibleForUserAspectRatioButton= false topActivityBoundsLetterboxed= false isFromLetterboxDoubleTap= false topActivityLetterboxVerticalPosition= -1 topActivityLetterboxHorizontalPosition= -1 topActivityLetterboxWidth=-1 topActivityLetterboxHeight=-1 isUserFullscreenOverrideEnabled=false isSystemFullscreenOverrideEnabled=false cameraCompatTaskInfo=CameraCompatTaskInfo { cameraCompatControlState=hidden freeformCameraCompatMode=inactive}}}, pipTask = null, remoteTransition = null, displayChange = null, flags = 0, debugId = 27 }
01-08 23:17:21.148   587   629 V WindowManager: Sent Transition (#27) createdAt=01-08 23:17:20.967 via request=TransitionRequestInfo { type = CLOSE, triggerTask = TaskInfo{userId=0 taskId=13 displayId=0 isRunning=false baseIntent=Intent { act=android.intent.action.MAIN flg=0x30000000 cmp=com.example.skillswap/.MainActivity } baseActivity=null topActivity=null origActivity=null realActivity=ComponentInfo{com.example.skillswap/com.example.skillswap.MainActivity} numActivities=0 lastActiveTime=13304170 supportsMultiWindow=true resizeMode=1 isResizeable=true minWidth=-1 minHeight=-1 defaultMinSize=220 token=WCT{RemoteToken{22e338a Task{55c83b8 #13 type=standard A=10211:com.example.skillswap}}} topActivityType=1 pictureInPictureParams=null shouldDockBigOverlays=false launchIntoPipHostTaskId=-1 lastParentTaskIdBeforePip=-1 displayCutoutSafeInsets=Rect(0, 151 - 0, 0) topActivityInfo=null launchCookies=[] positionInParent=Point(0, 0) parentTaskId=-1 isFocused=true isVisible=true isVisibleRequested=true isSleeping=false locusId=null displayAreaFeatureId=1 isTopActivityTransparent=false appCompatTaskInfo=AppCompatTaskInfo { topActivityInSizeCompat=false topActivityEligibleForLetterboxEducation= falseisLetterboxEducationEnabled= false isLetterboxDoubleTapEnabled= false topActivityEligibleForUserAspectRatioButton= false topActivityBoundsLetterboxed= false isFromLetterboxDoubleTap= false topActivityLetterboxVerticalPosition= -1 topActivityLetterboxHorizontalPosition= -1 topActivityLetterboxWidth=-1 topActivityLetterboxHeight=-1 isUserFullscreenOverrideEnabled=false isSystemFullscreenOverrideEnabled=false cameraCompatTaskInfo=CameraCompatTaskInfo { cameraCompatControlState=hidden freeformCameraCompatMode=inactive}}}, pipTask = null, remoteTransition = null, displayChange = null, flags = 0, debugId = 27 }
01-08 23:17:21.148   587   629 V WindowManager:         {WCT{RemoteToken{22e338a Task{55c83b8 #13 type=standard A=10211:com.example.skillswap}}} m=CLOSE f=NONE leash=Surface(name=Task=13)/@0x1d57fef sb=Rect(0, 0 - 1344, 2992) eb=Rect(0, 0 - 1344, 2992) d=0 taskParent=-1},
01-08 23:17:22.216   587  1601 D CoreBackPreview: Window{6646e83 u0 com.example.skillswap/expo.modules.devlauncher.launcher.DevLauncherActivity}: Setting back callback null
01-08 23:17:22.216   587  1601 W InputManager-JNI: Input channel object '6646e83 com.example.skillswap/expo.modules.devlauncher.launcher.DevLauncherActivity (client)' was disposed without first being removed with the input manager!
01-08 23:17:22.323  6380  6380 I artd    : Dex parent of /data/app/~~WCZNefmas-ruaAS15X9VAA==/com.example.skillswap-yh8_agp7pIeEHseI2HuapA==/base.apk is not writable: Permission denied
01-08 23:17:22.323  6380  6380 I artd    : GetBestInfo checking odex in dalvik-cache (/data/dalvik-cache/x86_64/data@app@~~WCZNefmas-ruaAS15X9VAA==@com.example.skillswap-yh8_agp7pIeEHseI2HuapA==@base.apk@classes.dex)
01-08 23:17:22.323  6380  6380 I artd    : Loading /data/dalvik-cache/x86_64/data@app@~~WCZNefmas-ruaAS15X9VAA==@com.example.skillswap-yh8_agp7pIeEHseI2HuapA==@base.apk@classes.dex with executable: 0
01-08 23:17:22.323  6380  6380 I artd    : OatFileAssistant test for existing oat file /data/dalvik-cache/x86_64/data@app@~~WCZNefmas-ruaAS15X9VAA==@com.example.skillswap-yh8_agp7pIeEHseI2HuapA==@base.apk@classes.dex: File /data/dalvik-cache/x86_64/data@app@~~WCZNefmas-ruaAS15X9VAA==@com.example.skillswap-yh8_agp7pIeEHseI2HuapA==@base.apk@classes.vdex does not exist.
01-08 23:17:22.323  6380  6380 I artd    : GetBestInfo checking odex next to the dex file (/data/app/~~WCZNefmas-ruaAS15X9VAA==/com.example.skillswap-yh8_agp7pIeEHseI2HuapA==/oat/x86_64/base.odex)
01-08 23:17:22.323  6380  6380 I artd    : Loading /data/app/~~WCZNefmas-ruaAS15X9VAA==/com.example.skillswap-yh8_agp7pIeEHseI2HuapA==/oat/x86_64/base.odex with executable: 0
01-08 23:17:22.323  6380  6380 I artd    : OatFileAssistant test for existing oat file /data/app/~~WCZNefmas-ruaAS15X9VAA==/com.example.skillswap-yh8_agp7pIeEHseI2HuapA==/oat/x86_64/base.odex: File /data/app/~~WCZNefmas-ruaAS15X9VAA==/com.example.skillswap-yh8_agp7pIeEHseI2HuapA==/oat/x86_64/base.vdex does not exist.
01-08 23:17:22.323  6380  6380 I artd    : GetBestInfo checking vdex in dalvik-cache (/data/dalvik-cache/x86_64/data@app@~~WCZNefmas-ruaAS15X9VAA==@com.example.skillswap-yh8_agp7pIeEHseI2HuapA==@base.apk@classes.vdex)
01-08 23:17:22.323  6380  6380 I artd    : unable to open vdex file /data/dalvik-cache/x86_64/data@app@~~WCZNefmas-ruaAS15X9VAA==@com.example.skillswap-yh8_agp7pIeEHseI2HuapA==@base.apk@classes.vdex: File /data/dalvik-cache/x86_64/data@app@~~WCZNefmas-ruaAS15X9VAA==@com.example.skillswap-yh8_agp7pIeEHseI2HuapA==@base.apk@classes.vdex does not exist.
01-08 23:17:22.323  6380  6380 I artd    : OatFileAssistant test for existing oat file /data/dalvik-cache/x86_64/data@app@~~WCZNefmas-ruaAS15X9VAA==@com.example.skillswap-yh8_agp7pIeEHseI2HuapA==@base.apk@classes.vdex: File /data/dalvik-cache/x86_64/data@app@~~WCZNefmas-ruaAS15X9VAA==@com.example.skillswap-yh8_agp7pIeEHseI2HuapA==@base.apk@classes.vdex does not exist.
01-08 23:17:22.323  6380  6380 I artd    : GetBestInfo checking vdex next to the dex file (/data/app/~~WCZNefmas-ruaAS15X9VAA==/com.example.skillswap-yh8_agp7pIeEHseI2HuapA==/oat/x86_64/base.vdex)
01-08 23:17:22.323  6380  6380 I artd    : unable to open vdex file /data/app/~~WCZNefmas-ruaAS15X9VAA==/com.example.skillswap-yh8_agp7pIeEHseI2HuapA==/oat/x86_64/base.vdex: File /data/app/~~WCZNefmas-ruaAS15X9VAA==/com.example.skillswap-yh8_agp7pIeEHseI2HuapA==/oat/x86_64/base.vdex does not exist.
01-08 23:17:22.323  6380  6380 I artd    : OatFileAssistant test for existing oat file /data/app/~~WCZNefmas-ruaAS15X9VAA==/com.example.skillswap-yh8_agp7pIeEHseI2HuapA==/oat/x86_64/base.vdex: File /data/app/~~WCZNefmas-ruaAS15X9VAA==/com.example.skillswap-yh8_agp7pIeEHseI2HuapA==/oat/x86_64/base.vdex does not exist.
01-08 23:17:22.323  6380  6380 I artd    : GetBestInfo checking dm (/data/app/~~WCZNefmas-ruaAS15X9VAA==/com.example.skillswap-yh8_agp7pIeEHseI2HuapA==/base.dm)
01-08 23:17:22.323  6380  6380 W ziparchive: Unable to open '/data/app/~~WCZNefmas-ruaAS15X9VAA==/com.example.skillswap-yh8_agp7pIeEHseI2HuapA==/base.dm': No such file or directory
01-08 23:17:22.323  6380  6380 I artd    : OatFileAssistant test for existing oat file /data/app/~~WCZNefmas-ruaAS15X9VAA==/com.example.skillswap-yh8_agp7pIeEHseI2HuapA==/base.dm: I/O error
01-08 23:17:22.323  6380  6380 I artd    : GetBestInfo checking dm (/data/app/~~WCZNefmas-ruaAS15X9VAA==/com.example.skillswap-yh8_agp7pIeEHseI2HuapA==/base.dm)
01-08 23:17:22.323  6380  6380 W ziparchive: Unable to open '/data/app/~~WCZNefmas-ruaAS15X9VAA==/com.example.skillswap-yh8_agp7pIeEHseI2HuapA==/base.dm': No such file or directory
01-08 23:17:22.323  6380  6380 I artd    : OatFileAssistant test for existing oat file /data/app/~~WCZNefmas-ruaAS15X9VAA==/com.example.skillswap-yh8_agp7pIeEHseI2HuapA==/base.dm: I/O error
01-08 23:17:22.540   587  2144 I ActivityTaskManager: START u0 {act=android.intent.action.MAIN cat=[android.intent.category.LAUNCHER] flg=0x10200000 cmp=com.example.skillswap/.MainActivity bnds=[696,1398][957,1752]} with LAUNCH_SINGLE_TASK from uid 10176 (BAL_ALLOW_VISIBLE_WINDOW) result code=0
01-08 23:17:22.557   896   972 V WindowManagerShell: Transition requested (#28): android.os.BinderProxy@b209963 TransitionRequestInfo { type = OPEN, triggerTask = TaskInfo{userId=0 taskId=14 displayId=0 isRunning=true baseIntent=Intent { act=android.intent.action.MAIN cat=[android.intent.category.LAUNCHER] flg=0x10200000 cmp=com.example.skillswap/.MainActivity } baseActivity=ComponentInfo{com.example.skillswap/com.example.skillswap.MainActivity} topActivity=ComponentInfo{com.example.skillswap/com.example.skillswap.MainActivity} origActivity=null realActivity=ComponentInfo{com.example.skillswap/com.example.skillswap.MainActivity} numActivities=1 lastActiveTime=13324514 supportsMultiWindow=true resizeMode=1 isResizeable=true minWidth=-1 minHeight=-1 defaultMinSize=220 token=WCT{android.window.IWindowContainerToken$Stub$Proxy@12fa960} topActivityType=1 pictureInPictureParams=null shouldDockBigOverlays=false launchIntoPipHostTaskId=-1 lastParentTaskIdBeforePip=-1 displayCutoutSafeInsets=Rect(0, 151 - 0, 0) topActivityInfo=ActivityInfo{7268e19 com.example.skillswap.MainActivity} launchCookies=[android.os.BinderProxy@b0c4ede] positionInParent=Point(0, 0) parentTaskId=-1 isFocused=false isVisible=false isVisibleRequested=false isSleeping=false locusId=null displayAreaFeatureId=1 isTopActivityTransparent=false appCompatTaskInfo=AppCompatTaskInfo { topActivityInSizeCompat=false topActivityEligibleForLetterboxEducation= falseisLetterboxEducationEnabled= true isLetterboxDoubleTapEnabled= false topActivityEligibleForUserAspectRatioButton= false topActivityBoundsLetterboxed= false isFromLetterboxDoubleTap= false topActivityLetterboxVerticalPosition= -1 topActivityLetterboxHorizontalPosition= -1 topActivityLetterboxWidth=1344 topActivityLetterboxHeight=2992 isUserFullscreenOverrideEnabled=false isSystemFullscreenOverrideEnabled=false cameraCompatTaskInfo=CameraCompatTaskInfo { cameraCompatControlState=hidden freeformCameraCompatMode=inactive}}}, pipTask = null, remoteTransition = RemoteTransition { remoteTransition = android.window.IRemoteTransition$Stub$Proxy@1f968bf, appThread = android.app.IApplicationThread$Stub$Proxy@7d5fb8c, debugName = QuickstepLaunch }, displayChange = null, flags = 0, debugId = 28 }
01-08 23:17:22.563   587  2144 I AppsFilter: interaction: PackageSetting{4c693d com.example.skillswap/10211} -> PackageSetting{e75357c com.google.android.apps.nexuslauncher/10176} BLOCKED
01-08 23:17:22.570  1201  1201 I TopTaskTracker: onTaskMovedToFront: (moved taskInfo to front) taskId=14, baseIntent=Intent { act=android.intent.action.MAIN cat=[android.intent.category.LAUNCHER] flg=0x10200000 cmp=com.example.skillswap/.MainActivity }
01-08 23:17:22.574   587   766 D CoreBackPreview: Window{f2db6e9 u0 Splash Screen com.example.skillswap}: Setting back callback OnBackInvokedCallbackInfo{mCallback=android.window.IOnBackInvokedCallback$Stub$Proxy@46e969c, mPriority=0, mIsAnimationCallback=false}
01-08 23:17:22.654   587  1601 I ActivityTaskManager: START u0 {flg=0x10018000 cmp=com.example.skillswap/expo.modules.devlauncher.launcher.DevLauncherActivity} with LAUNCH_SINGLE_TASK from uid 10211 (BAL_ALLOW_VISIBLE_WINDOW) result code=0
01-08 23:17:22.679   587  1601 D CoreBackPreview: Window{1f6e807 u0 com.example.skillswap/com.example.skillswap.MainActivity}: Setting back callback OnBackInvokedCallbackInfo{mCallback=android.window.IOnBackInvokedCallback$Stub$Proxy@c23775d, mPriority=0, mIsAnimationCallback=false}
01-08 23:17:22.756   587  1601 D CoreBackPreview: Window{70ffda3 u0 Splash Screen com.example.skillswap}: Setting back callback OnBackInvokedCallbackInfo{mCallback=android.window.IOnBackInvokedCallback$Stub$Proxy@f252c59, mPriority=0, mIsAnimationCallback=false}
01-08 23:17:22.846   587   766 W InputManager-JNI: Input channel object 'f2db6e9 Splash Screen com.example.skillswap (client)' was disposed without first being removed with the input manager!
01-08 23:17:22.898   587   629 V WindowManager: Sent Transition (#28) createdAt=01-08 23:17:22.531 via request=TransitionRequestInfo { type = OPEN, triggerTask = TaskInfo{userId=0 taskId=14 displayId=0 isRunning=true baseIntent=Intent { act=android.intent.action.MAIN cat=[android.intent.category.LAUNCHER] flg=0x10200000 cmp=com.example.skillswap/.MainActivity } baseActivity=ComponentInfo{com.example.skillswap/com.example.skillswap.MainActivity} topActivity=ComponentInfo{com.example.skillswap/com.example.skillswap.MainActivity} origActivity=null realActivity=ComponentInfo{com.example.skillswap/com.example.skillswap.MainActivity} numActivities=1 lastActiveTime=13324514 supportsMultiWindow=true resizeMode=1 isResizeable=true minWidth=-1 minHeight=-1 defaultMinSize=220 token=WCT{RemoteToken{4f8302a Task{7e578ed #14 type=standard A=10211:com.example.skillswap}}} topActivityType=1 pictureInPictureParams=null shouldDockBigOverlays=false launchIntoPipHostTaskId=-1 lastParentTaskIdBeforePip=-1 displayCutoutSafeInsets=Rect(0, 151 - 0, 0) topActivityInfo=ActivityInfo{6d57e1b com.example.skillswap.MainActivity} launchCookies=[android.os.BinderProxy@9351bb8] positionInParent=Point(0, 0) parentTaskId=-1 isFocused=false isVisible=false isVisibleRequested=false isSleeping=false locusId=null displayAreaFeatureId=1 isTopActivityTransparent=false appCompatTaskInfo=AppCompatTaskInfo { topActivityInSizeCompat=false topActivityEligibleForLetterboxEducation= falseisLetterboxEducationEnabled= true isLetterboxDoubleTapEnabled= false topActivityEligibleForUserAspectRatioButton= false topActivityBoundsLetterboxed= false isFromLetterboxDoubleTap= false topActivityLetterboxVerticalPosition= -1 topActivityLetterboxHorizontalPosition= -1 topActivityLetterboxWidth=1344 topActivityLetterboxHeight=2992 isUserFullscreenOverrideEnabled=false isSystemFullscreenOverrideEnabled=false cameraCompatTaskInfo=CameraCompatTaskInfo { cameraCompatControlState=hidden freeformCameraCompatMode=inactive}}}, pipTask = null, remoteTransition = RemoteTransition { remoteTransition = android.window.IRemoteTransition$Stub$Proxy@25f0d91, appThread = android.app.IApplicationThread$Stub$Proxy@7c124f6, debugName = QuickstepLaunch }, displayChange = null, flags = 0, debugId = 28 }
01-08 23:17:22.898   587   629 V WindowManager:         {WCT{RemoteToken{4f8302a Task{7e578ed #14 type=standard A=10211:com.example.skillswap}}} m=OPEN f=NO_ANIMATION leash=Surface(name=Task=14)/@0x52decc sb=Rect(0, 0 - 1344, 2992) eb=Rect(0, 0 - 1344, 2992) d=0 taskParent=-1},
01-08 23:17:22.969   587   766 D CoreBackPreview: Window{5f3a9d0 u0 com.example.skillswap/expo.modules.devlauncher.launcher.DevLauncherActivity}: Setting back callback OnBackInvokedCallbackInfo{mCallback=android.window.IOnBackInvokedCallback$Stub$Proxy@e93dcce, mPriority=0, mIsAnimationCallback=false}
01-08 23:17:23.076   587   629 W ziparchive: Unable to open '/data/app/~~WCZNefmas-ruaAS15X9VAA==/com.example.skillswap-yh8_agp7pIeEHseI2HuapA==/base.dm': No such file or directory
01-08 23:17:23.085   587   629 I ActivityTaskManager: Displayed com.example.skillswap/expo.modules.devlauncher.launcher.DevLauncherActivity for user 0: +546ms
01-08 23:17:23.119   587   753 I ImeTracker: com.example.skillswap:1b3ddcb2: onRequestHide at ORIGIN_SERVER reason HIDE_UNSPECIFIED_WINDOW fromUser false
01-08 23:17:23.120   587   753 I ImeTracker: com.example.skillswap:1b3ddcb2: onCancelled at PHASE_SERVER_SHOULD_HIDE
01-08 23:17:23.140  1363  1363 I GoogleInputMethodService: GoogleInputMethodService.onStartInput():1911 onStartInput(EditorInfo{EditorInfo{packageName=com.example.skillswap, inputType=0, inputTypeString=NULL, enableLearning=false, autoCorrection=false, autoComplete=false, imeOptions=0, privateImeOptions=null, actionName=UNSPECIFIED, actionLabel=null, initialSelStart=-1, initialSelEnd=-1, initialCapsMode=0, label=null, fieldId=0, fieldName=null, extras=null, hintText=null, hintLocales=[]}}, false)
01-08 23:17:23.150   587   620 W PackageConfigPersister: App-specific configuration not found for packageName: com.example.skillswap and userId: 0
01-08 23:17:23.532   587   620 D CoreBackPreview: Window{70ffda3 u0 Splash Screen com.example.skillswap EXITING}: Setting back callback null
01-08 23:17:23.534   587  2144 W InputManager-JNI: Input channel object '70ffda3 Splash Screen com.example.skillswap (client)' was disposed without first being removed with the input manager!
01-08 23:17:23.547   587  1601 D CoreBackPreview: Window{1f6e807 u0 com.example.skillswap/com.example.skillswap.MainActivity}: Setting back callback null
01-08 23:17:23.548   587  1052 W InputManager-JNI: Input channel object '1f6e807 com.example.skillswap/com.example.skillswap.MainActivity (client)' was disposed without first being removed with the input manager!
01-08 23:17:23.667  1201  1208 W s.nexuslauncher: ApkAssets: Deleting an ApkAssets object '<empty> and /data/app/~~WCZNefmas-ruaAS15X9VAA==/com.example.skillswap-yh8_agp7pIeEHseI2HuapA==/base.apk' with 1 weak references
01-08 23:17:37.797   587   629 V WindowManager:         {WCT{RemoteToken{4f8302a Task{7e578ed #14 type=standard A=10211:com.example.skillswap}}} m=TO_BACK f=NONE leash=Surface(name=Task=14)/@0x52decc sb=Rect(0, 0 - 1344, 2992) eb=Rect(0, 0 - 1344, 2992) d=0 taskParent=-1},
01-08 23:17:37.831   587  1052 I InputDispatcher: Channel [Gesture Monitor] swipe-up (server) is stealing input gesture for device 12 from [5f3a9d0 com.example.skillswap/expo.modules.devlauncher.launcher.DevLauncherActivity, [Gesture Monitor] edge-swipe]
01-08 23:17:38.635  1201  1208 W s.nexuslauncher: ApkAssets: Deleting an ApkAssets object '<empty> and /data/app/~~WCZNefmas-ruaAS15X9VAA==/com.example.skillswap-yh8_agp7pIeEHseI2HuapA==/base.apk' with 1 weak references
01-08 23:17:40.483   896   907 W ndroid.systemui: ApkAssets: Deleting an ApkAssets object '<empty> and /data/app/~~WCZNefmas-ruaAS15X9VAA==/com.example.skillswap-yh8_agp7pIeEHseI2HuapA==/base.apk' with 2 weak references
01-08 23:17:44.407   587  2144 I Role    : com.example.skillswap not qualified for android.app.role.HOME due to missing RequiredComponent{mIntentFilterData=IntentFilterData{mAction='android.intent.action.MAIN', mCategories='[android.intent.category.HOME]', mDataScheme='null', mDataType='null'}, mMinTargetSdkVersion=1, mFlags='0', mPermission='null', mQueryFlags=0, mMetaData=[]}
01-08 23:17:44.417   587  2144 I Role    : com.example.skillswap not qualified for android.app.role.DIALER due to missing RequiredComponent{mIntentFilterData=IntentFilterData{mAction='android.intent.action.DIAL', mCategories='[]', mDataScheme='null', mDataType='null'}, mMinTargetSdkVersion=1, mFlags='0', mPermission='null', mQueryFlags=0, mMetaData=[]}
01-08 23:17:44.421   587  2001 I Role    : com.example.skillswap not qualified for android.app.role.SMS due to missing RequiredComponent{mIntentFilterData=IntentFilterData{mAction='android.provider.Telephony.SMS_DELIVER', mCategories='[]', mDataScheme='null', mDataType='null'}, mMinTargetSdkVersion=1, mFlags='0', mPermission='android.permission.BROADCAST_SMS', mQueryFlags=0, mMetaData=[]}
01-08 23:17:44.518  7654  7654 I AppLocaleUtil: Can display preference - [com.example.skillswap] : isDisallowedPackage : false / isSignedWithPlatformKey : false / hasLauncherEntry : true / canDisplay : false / 1.1
01-08 23:17:44.519  7654  7654 I AppLocaleUtil: Can display preference - [com.example.skillswap] : isDisallowedPackage : false / isSignedWithPlatformKey : false / hasLauncherEntry : true / canDisplay : false / 1.1
01-08 23:17:44.526  1385  1391 W .apps.wellbeing: ApkAssets: Deleting an ApkAssets object '<empty> and /data/app/~~WCZNefmas-ruaAS15X9VAA==/com.example.skillswap-yh8_agp7pIeEHseI2HuapA==/base.apk' with 1 weak references
01-08 23:17:44.679 10174 10174 D ActivityThread: Package [com.example.skillswap] reported as REPLACED, but missing application info. Assuming REMOVED.
01-08 23:17:44.682 10174 10174 D ActivityThread: Package [com.example.skillswap] reported as REPLACED, but missing application info. Assuming REMOVED.
01-08 23:17:44.709  7654  7660 W ndroid.settings: ApkAssets: Deleting an ApkAssets object '<empty> and /data/app/~~WCZNefmas-ruaAS15X9VAA==/com.example.skillswap-yh8_agp7pIeEHseI2HuapA==/base.apk' with 2 weak references
01-08 23:17:45.838   587  2002 I Role    : com.example.skillswap not qualified for android.app.role.HOME due to missing RequiredComponent{mIntentFilterData=IntentFilterData{mAction='android.intent.action.MAIN', mCategories='[android.intent.category.HOME]', mDataScheme='null', mDataType='null'}, mMinTargetSdkVersion=1, mFlags='0', mPermission='null', mQueryFlags=0, mMetaData=[]}
01-08 23:17:45.843   587   707 I Role    : com.example.skillswap not qualified for android.app.role.DIALER due to missing RequiredComponent{mIntentFilterData=IntentFilterData{mAction='android.intent.action.DIAL', mCategories='[]', mDataScheme='null', mDataType='null'}, mMinTargetSdkVersion=1, mFlags='0', mPermission='null', mQueryFlags=0, mMetaData=[]}
01-08 23:17:45.848   587  1052 I Role    : com.example.skillswap not qualified for android.app.role.SMS due to missing RequiredComponent{mIntentFilterData=IntentFilterData{mAction='android.provider.Telephony.SMS_DELIVER', mCategories='[]', mDataScheme='null', mDataType='null'}, mMinTargetSdkVersion=1, mFlags='0', mPermission='android.permission.BROADCAST_SMS', mQueryFlags=0, mMetaData=[]}
01-08 23:17:46.016  6380  6382 I artd    : Dex parent of /data/app/~~WCZNefmas-ruaAS15X9VAA==/com.example.skillswap-yh8_agp7pIeEHseI2HuapA==/base.apk is not writable: Permission denied
01-08 23:17:46.016  6380  6382 I artd    : GetBestInfo checking odex in dalvik-cache (/data/dalvik-cache/x86_64/data@app@~~WCZNefmas-ruaAS15X9VAA==@com.example.skillswap-yh8_agp7pIeEHseI2HuapA==@base.apk@classes.dex)
01-08 23:17:46.016  6380  6382 I artd    : Loading /data/dalvik-cache/x86_64/data@app@~~WCZNefmas-ruaAS15X9VAA==@com.example.skillswap-yh8_agp7pIeEHseI2HuapA==@base.apk@classes.dex with executable: 0
01-08 23:17:46.016  6380  6382 I artd    : OatFileAssistant test for existing oat file /data/dalvik-cache/x86_64/data@app@~~WCZNefmas-ruaAS15X9VAA==@com.example.skillswap-yh8_agp7pIeEHseI2HuapA==@base.apk@classes.dex: File /data/dalvik-cache/x86_64/data@app@~~WCZNefmas-ruaAS15X9VAA==@com.example.skillswap-yh8_agp7pIeEHseI2HuapA==@base.apk@classes.vdex does not exist.
01-08 23:17:46.016  6380  6382 I artd    : GetBestInfo checking odex next to the dex file (/data/app/~~WCZNefmas-ruaAS15X9VAA==/com.example.skillswap-yh8_agp7pIeEHseI2HuapA==/oat/x86_64/base.odex)
01-08 23:17:46.016  6380  6382 I artd    : Loading /data/app/~~WCZNefmas-ruaAS15X9VAA==/com.example.skillswap-yh8_agp7pIeEHseI2HuapA==/oat/x86_64/base.odex with executable: 0
01-08 23:17:46.016  6380  6382 I artd    : OatFileAssistant test for existing oat file /data/app/~~WCZNefmas-ruaAS15X9VAA==/com.example.skillswap-yh8_agp7pIeEHseI2HuapA==/oat/x86_64/base.odex: File /data/app/~~WCZNefmas-ruaAS15X9VAA==/com.example.skillswap-yh8_agp7pIeEHseI2HuapA==/oat/x86_64/base.vdex does not exist.
01-08 23:17:46.016  6380  6382 I artd    : GetBestInfo checking vdex in dalvik-cache (/data/dalvik-cache/x86_64/data@app@~~WCZNefmas-ruaAS15X9VAA==@com.example.skillswap-yh8_agp7pIeEHseI2HuapA==@base.apk@classes.vdex)
01-08 23:17:46.016  6380  6382 I artd    : unable to open vdex file /data/dalvik-cache/x86_64/data@app@~~WCZNefmas-ruaAS15X9VAA==@com.example.skillswap-yh8_agp7pIeEHseI2HuapA==@base.apk@classes.vdex: File /data/dalvik-cache/x86_64/data@app@~~WCZNefmas-ruaAS15X9VAA==@com.example.skillswap-yh8_agp7pIeEHseI2HuapA==@base.apk@classes.vdex does not exist.
01-08 23:17:46.016  6380  6382 I artd    : OatFileAssistant test for existing oat file /data/dalvik-cache/x86_64/data@app@~~WCZNefmas-ruaAS15X9VAA==@com.example.skillswap-yh8_agp7pIeEHseI2HuapA==@base.apk@classes.vdex: File /data/dalvik-cache/x86_64/data@app@~~WCZNefmas-ruaAS15X9VAA==@com.example.skillswap-yh8_agp7pIeEHseI2HuapA==@base.apk@classes.vdex does not exist.
01-08 23:17:46.016  6380  6382 I artd    : GetBestInfo checking vdex next to the dex file (/data/app/~~WCZNefmas-ruaAS15X9VAA==/com.example.skillswap-yh8_agp7pIeEHseI2HuapA==/oat/x86_64/base.vdex)
01-08 23:17:46.016  6380  6382 I artd    : unable to open vdex file /data/app/~~WCZNefmas-ruaAS15X9VAA==/com.example.skillswap-yh8_agp7pIeEHseI2HuapA==/oat/x86_64/base.vdex: File /data/app/~~WCZNefmas-ruaAS15X9VAA==/com.example.skillswap-yh8_agp7pIeEHseI2HuapA==/oat/x86_64/base.vdex does not exist.
01-08 23:17:46.016  6380  6382 I artd    : OatFileAssistant test for existing oat file /data/app/~~WCZNefmas-ruaAS15X9VAA==/com.example.skillswap-yh8_agp7pIeEHseI2HuapA==/oat/x86_64/base.vdex: File /data/app/~~WCZNefmas-ruaAS15X9VAA==/com.example.skillswap-yh8_agp7pIeEHseI2HuapA==/oat/x86_64/base.vdex does not exist.
01-08 23:17:46.016  6380  6382 I artd    : GetBestInfo checking dm (/data/app/~~WCZNefmas-ruaAS15X9VAA==/com.example.skillswap-yh8_agp7pIeEHseI2HuapA==/base.dm)
01-08 23:17:46.016  6380  6382 W ziparchive: Unable to open '/data/app/~~WCZNefmas-ruaAS15X9VAA==/com.example.skillswap-yh8_agp7pIeEHseI2HuapA==/base.dm': No such file or directory
01-08 23:17:46.016  6380  6382 I artd    : OatFileAssistant test for existing oat file /data/app/~~WCZNefmas-ruaAS15X9VAA==/com.example.skillswap-yh8_agp7pIeEHseI2HuapA==/base.dm: I/O error
01-08 23:17:46.016  6380  6382 I artd    : GetBestInfo checking dm (/data/app/~~WCZNefmas-ruaAS15X9VAA==/com.example.skillswap-yh8_agp7pIeEHseI2HuapA==/base.dm)
01-08 23:17:46.016  6380  6382 W ziparchive: Unable to open '/data/app/~~WCZNefmas-ruaAS15X9VAA==/com.example.skillswap-yh8_agp7pIeEHseI2HuapA==/base.dm': No such file or directory
01-08 23:17:46.016  6380  6382 I artd    : OatFileAssistant test for existing oat file /data/app/~~WCZNefmas-ruaAS15X9VAA==/com.example.skillswap-yh8_agp7pIeEHseI2HuapA==/base.dm: I/O error
01-08 23:17:46.048  7654 16516 I AppLocaleUtil: Can display preference - [com.example.skillswap] : isDisallowedPackage : false / isSignedWithPlatformKey : false / hasLauncherEntry : true / canDisplay : false / 1.1
01-08 23:17:46.214   587  2001 I Role    : com.example.skillswap not qualified for android.app.role.HOME due to missing RequiredComponent{mIntentFilterData=IntentFilterData{mAction='android.intent.action.MAIN', mCategories='[android.intent.category.HOME]', mDataScheme='null', mDataType='null'}, mMinTargetSdkVersion=1, mFlags='0', mPermission='null', mQueryFlags=0, mMetaData=[]}
01-08 23:17:46.219   587  2001 I Role    : com.example.skillswap not qualified for android.app.role.DIALER due to missing RequiredComponent{mIntentFilterData=IntentFilterData{mAction='android.intent.action.DIAL', mCategories='[]', mDataScheme='null', mDataType='null'}, mMinTargetSdkVersion=1, mFlags='0', mPermission='null', mQueryFlags=0, mMetaData=[]}
01-08 23:17:46.225   587  2002 I Role    : com.example.skillswap not qualified for android.app.role.SMS due to missing RequiredComponent{mIntentFilterData=IntentFilterData{mAction='android.provider.Telephony.SMS_DELIVER', mCategories='[]', mDataScheme='null', mDataType='null'}, mMinTargetSdkVersion=1, mFlags='0', mPermission='android.permission.BROADCAST_SMS', mQueryFlags=0, mMetaData=[]}
01-08 23:17:46.291   587  2001 I Role    : com.example.skillswap not qualified for android.app.role.HOME due to missing RequiredComponent{mIntentFilterData=IntentFilterData{mAction='android.intent.action.MAIN', mCategories='[android.intent.category.HOME]', mDataScheme='null', mDataType='null'}, mMinTargetSdkVersion=1, mFlags='0', mPermission='null', mQueryFlags=0, mMetaData=[]}
01-08 23:17:46.296   587  1163 I Role    : com.example.skillswap not qualified for android.app.role.DIALER due to missing RequiredComponent{mIntentFilterData=IntentFilterData{mAction='android.intent.action.DIAL', mCategories='[]', mDataScheme='null', mDataType='null'}, mMinTargetSdkVersion=1, mFlags='0', mPermission='null', mQueryFlags=0, mMetaData=[]}
01-08 23:17:46.300   587  2002 I Role    : com.example.skillswap not qualified for android.app.role.SMS due to missing RequiredComponent{mIntentFilterData=IntentFilterData{mAction='android.provider.Telephony.SMS_DELIVER', mCategories='[]', mDataScheme='null', mDataType='null'}, mMinTargetSdkVersion=1, mFlags='0', mPermission='android.permission.BROADCAST_SMS', mQueryFlags=0, mMetaData=[]}
01-08 23:17:46.332   587  1163 I Role    : com.example.skillswap not qualified for android.app.role.HOME due to missing RequiredComponent{mIntentFilterData=IntentFilterData{mAction='android.intent.action.MAIN', mCategories='[android.intent.category.HOME]', mDataScheme='null', mDataType='null'}, mMinTargetSdkVersion=1, mFlags='0', mPermission='null', mQueryFlags=0, mMetaData=[]}
01-08 23:17:46.337  7654  7660 W ndroid.settings: ApkAssets: Deleting an ApkAssets object '<empty> and /data/app/~~WCZNefmas-ruaAS15X9VAA==/com.example.skillswap-yh8_agp7pIeEHseI2HuapA==/base.apk' with 2 weak references
01-08 23:17:46.348   587  1052 I Role    : com.example.skillswap not qualified for android.app.role.DIALER due to missing RequiredComponent{mIntentFilterData=IntentFilterData{mAction='android.intent.action.DIAL', mCategories='[]', mDataScheme='null', mDataType='null'}, mMinTargetSdkVersion=1, mFlags='0', mPermission='null', mQueryFlags=0, mMetaData=[]}
01-08 23:17:46.361   587   707 I Role    : com.example.skillswap not qualified for android.app.role.SMS due to missing RequiredComponent{mIntentFilterData=IntentFilterData{mAction='android.provider.Telephony.SMS_DELIVER', mCategories='[]', mDataScheme='null', mDataType='null'}, mMinTargetSdkVersion=1, mFlags='0', mPermission='android.permission.BROADCAST_SMS', mQueryFlags=0, mMetaData=[]}
01-08 23:17:47.616 12250 12250 I ManagePermissionsActivity: sessionId: -2649266215909398421 Reaching AppPermissionGroupsFragment from intent. packageName com.example.skillswap uid 10211
01-08 23:17:48.501 12250 12250 I AppPermissionGroupsFragment: AppPermissionFragment view logged with sessionId=-2649266215909398421 viewId=-5109835039383771435 permissionGroupName=android.permission-group.LOCATION uid=10211 packageName=com.example.skillswap category=3
01-08 23:17:48.501 12250 12250 I AppPermissionGroupsFragment: AppPermissionFragment view logged with sessionId=-2649266215909398421 viewId=-5109835039383771435 permissionGroupName=android.permission-group.CAMERA uid=10211 packageName=com.example.skillswap category=3
01-08 23:17:48.501 12250 12250 I AppPermissionGroupsFragment: AppPermissionFragment view logged with sessionId=-2649266215909398421 viewId=-5109835039383771435 permissionGroupName=android.permission-group.MICROPHONE uid=10211 packageName=com.example.skillswap category=3
01-08 23:17:59.077   587   732 D ActivityManager: freezing 16293 com.example.skillswap
01-08 23:18:03.904 12250 12257 W ssioncontroller: ApkAssets: Deleting an ApkAssets object '<empty> and /data/app/~~WCZNefmas-ruaAS15X9VAA==/com.example.skillswap-yh8_agp7pIeEHseI2HuapA==/base.apk' with 1 weak references
01-08 23:18:03.912 12250 12250 I AppPermissionViewModel: AppPermission fragment viewed with sessionId=-2649266215909398421 uid=10211 packageName=com.example.skillswap permGroupName=android.permission-group.CAMERA permissionRationaleShown=false
01-08 23:18:07.206 12250 12250 I AppPermissionViewModel: Permission changed via UI with sessionId=-2649266215909398421 changeId=4292102150393777172 uid=10211 packageName=com.example.skillswap permission=android.permission.CAMERA isGranted=true permissionFlags=769 buttonPressed=5
01-08 23:18:10.850 12250 12250 I AppPermissionViewModel: AppPermission fragment viewed with sessionId=-2649266215909398421 uid=10211 packageName=com.example.skillswap permGroupName=android.permission-group.MICROPHONE permissionRationaleShown=false
01-08 23:18:11.946 12250 12250 I AppPermissionViewModel: Permission changed via UI with sessionId=-2649266215909398421 changeId=-8518267501410793472 uid=10211 packageName=com.example.skillswap permission=android.permission.RECORD_AUDIO isGranted=true permissionFlags=769 buttonPressed=5
01-08 23:18:13.317 12250 12257 W ssioncontroller: ApkAssets: Deleting an ApkAssets object '<empty> and /data/app/~~WCZNefmas-ruaAS15X9VAA==/com.example.skillswap-yh8_agp7pIeEHseI2HuapA==/base.apk' with 1 weak references
01-08 23:18:14.517 12250 12250 I AppPermissionViewModel: AppPermission fragment viewed with sessionId=-2649266215909398421 uid=10211 packageName=com.example.skillswap permGroupName=android.permission-group.LOCATION permissionRationaleShown=false
01-08 23:18:15.433 12250 12250 I AppPermissionViewModel: Permission changed via UI with sessionId=-2649266215909398421 changeId=-3573777087613299025 uid=10211 packageName=com.example.skillswap permission=android.permission.ACCESS_BACKGROUND_LOCATION isGranted=true permissionFlags=2817 buttonPressed=1
01-08 23:18:16.544 12250 12257 W ssioncontroller: ApkAssets: Deleting an ApkAssets object '<empty> and /data/app/~~WCZNefmas-ruaAS15X9VAA==/com.example.skillswap-yh8_agp7pIeEHseI2HuapA==/base.apk' with 1 weak references
01-08 23:18:20.542  6380  6380 I artd    : Dex parent of /data/app/~~WCZNefmas-ruaAS15X9VAA==/com.example.skillswap-yh8_agp7pIeEHseI2HuapA==/base.apk is not writable: Permission denied
01-08 23:18:20.542  6380  6380 I artd    : GetBestInfo checking odex in dalvik-cache (/data/dalvik-cache/x86_64/data@app@~~WCZNefmas-ruaAS15X9VAA==@com.example.skillswap-yh8_agp7pIeEHseI2HuapA==@base.apk@classes.dex)
01-08 23:18:20.542  6380  6380 I artd    : Loading /data/dalvik-cache/x86_64/data@app@~~WCZNefmas-ruaAS15X9VAA==@com.example.skillswap-yh8_agp7pIeEHseI2HuapA==@base.apk@classes.dex with executable: 0
01-08 23:18:20.542  6380  6380 I artd    : OatFileAssistant test for existing oat file /data/dalvik-cache/x86_64/data@app@~~WCZNefmas-ruaAS15X9VAA==@com.example.skillswap-yh8_agp7pIeEHseI2HuapA==@base.apk@classes.dex: File /data/dalvik-cache/x86_64/data@app@~~WCZNefmas-ruaAS15X9VAA==@com.example.skillswap-yh8_agp7pIeEHseI2HuapA==@base.apk@classes.vdex does not exist.
01-08 23:18:20.542  6380  6380 I artd    : GetBestInfo checking odex next to the dex file (/data/app/~~WCZNefmas-ruaAS15X9VAA==/com.example.skillswap-yh8_agp7pIeEHseI2HuapA==/oat/x86_64/base.odex)
01-08 23:18:20.542  6380  6380 I artd    : Loading /data/app/~~WCZNefmas-ruaAS15X9VAA==/com.example.skillswap-yh8_agp7pIeEHseI2HuapA==/oat/x86_64/base.odex with executable: 0
01-08 23:18:20.542  6380  6380 I artd    : OatFileAssistant test for existing oat file /data/app/~~WCZNefmas-ruaAS15X9VAA==/com.example.skillswap-yh8_agp7pIeEHseI2HuapA==/oat/x86_64/base.odex: File /data/app/~~WCZNefmas-ruaAS15X9VAA==/com.example.skillswap-yh8_agp7pIeEHseI2HuapA==/oat/x86_64/base.vdex does not exist.
01-08 23:18:20.542  6380  6380 I artd    : GetBestInfo checking vdex in dalvik-cache (/data/dalvik-cache/x86_64/data@app@~~WCZNefmas-ruaAS15X9VAA==@com.example.skillswap-yh8_agp7pIeEHseI2HuapA==@base.apk@classes.vdex)
01-08 23:18:20.542  6380  6380 I artd    : unable to open vdex file /data/dalvik-cache/x86_64/data@app@~~WCZNefmas-ruaAS15X9VAA==@com.example.skillswap-yh8_agp7pIeEHseI2HuapA==@base.apk@classes.vdex: File /data/dalvik-cache/x86_64/data@app@~~WCZNefmas-ruaAS15X9VAA==@com.example.skillswap-yh8_agp7pIeEHseI2HuapA==@base.apk@classes.vdex does not exist.
01-08 23:18:20.542  6380  6380 I artd    : OatFileAssistant test for existing oat file /data/dalvik-cache/x86_64/data@app@~~WCZNefmas-ruaAS15X9VAA==@com.example.skillswap-yh8_agp7pIeEHseI2HuapA==@base.apk@classes.vdex: File /data/dalvik-cache/x86_64/data@app@~~WCZNefmas-ruaAS15X9VAA==@com.example.skillswap-yh8_agp7pIeEHseI2HuapA==@base.apk@classes.vdex does not exist.
01-08 23:18:20.542  6380  6380 I artd    : GetBestInfo checking vdex next to the dex file (/data/app/~~WCZNefmas-ruaAS15X9VAA==/com.example.skillswap-yh8_agp7pIeEHseI2HuapA==/oat/x86_64/base.vdex)
01-08 23:18:20.542  6380  6380 I artd    : unable to open vdex file /data/app/~~WCZNefmas-ruaAS15X9VAA==/com.example.skillswap-yh8_agp7pIeEHseI2HuapA==/oat/x86_64/base.vdex: File /data/app/~~WCZNefmas-ruaAS15X9VAA==/com.example.skillswap-yh8_agp7pIeEHseI2HuapA==/oat/x86_64/base.vdex does not exist.
01-08 23:18:20.542  6380  6380 I artd    : OatFileAssistant test for existing oat file /data/app/~~WCZNefmas-ruaAS15X9VAA==/com.example.skillswap-yh8_agp7pIeEHseI2HuapA==/oat/x86_64/base.vdex: File /data/app/~~WCZNefmas-ruaAS15X9VAA==/com.example.skillswap-yh8_agp7pIeEHseI2HuapA==/oat/x86_64/base.vdex does not exist.
01-08 23:18:20.542  6380  6380 I artd    : GetBestInfo checking dm (/data/app/~~WCZNefmas-ruaAS15X9VAA==/com.example.skillswap-yh8_agp7pIeEHseI2HuapA==/base.dm)
01-08 23:18:20.542  6380  6380 W ziparchive: Unable to open '/data/app/~~WCZNefmas-ruaAS15X9VAA==/com.example.skillswap-yh8_agp7pIeEHseI2HuapA==/base.dm': No such file or directory
01-08 23:18:20.542  6380  6380 I artd    : OatFileAssistant test for existing oat file /data/app/~~WCZNefmas-ruaAS15X9VAA==/com.example.skillswap-yh8_agp7pIeEHseI2HuapA==/base.dm: I/O error
01-08 23:18:20.542  6380  6380 I artd    : GetBestInfo checking dm (/data/app/~~WCZNefmas-ruaAS15X9VAA==/com.example.skillswap-yh8_agp7pIeEHseI2HuapA==/base.dm)
01-08 23:18:20.542  6380  6380 W ziparchive: Unable to open '/data/app/~~WCZNefmas-ruaAS15X9VAA==/com.example.skillswap-yh8_agp7pIeEHseI2HuapA==/base.dm': No such file or directory
